syscalls.c:78:6:initialise_monitor_handles	0	static
syscalls.c:82:5:_getpid	0	static
syscalls.c:87:5:_kill	8	static
syscalls.c:93:6:_exit	8	static
syscalls.c:99:27:_read	16	static
syscalls.c:111:27:_write	8	static
syscalls.c:133:9:_sbrk	8	static
syscalls.c:156:5:_close	0	static
syscalls.c:162:5:_fstat	0	static
syscalls.c:168:5:_isatty	0	static
syscalls.c:173:5:_lseek	0	static
syscalls.c:178:5:_open	0	static
syscalls.c:184:5:_wait	8	static
syscalls.c:190:5:_unlink	8	static
syscalls.c:196:5:_times	0	static
syscalls.c:201:5:_stat	0	static
syscalls.c:207:5:_link	8	static
syscalls.c:213:5:_fork	8	static
syscalls.c:219:5:_execve	8	static
