Archive member included to satisfy reference by file (symbol)

c:/program files (x86)/atollic/truestudio for stm32 9.3.0/armtools/bin/../lib/gcc/arm-atollic-eabi/6.3.1/../../../../arm-atollic-eabi/lib/armv7e-m/fpu\libc_nano.a(lib_a-errno.o)
                              Src\syscalls.o (__errno)
c:/program files (x86)/atollic/truestudio for stm32 9.3.0/armtools/bin/../lib/gcc/arm-atollic-eabi/6.3.1/../../../../arm-atollic-eabi/lib/armv7e-m/fpu\libc_nano.a(lib_a-impure.o)
                              c:/program files (x86)/atollic/truestudio for stm32 9.3.0/armtools/bin/../lib/gcc/arm-atollic-eabi/6.3.1/../../../../arm-atollic-eabi/lib/armv7e-m/fpu\libc_nano.a(lib_a-errno.o) (_impure_ptr)
c:/program files (x86)/atollic/truestudio for stm32 9.3.0/armtools/bin/../lib/gcc/arm-atollic-eabi/6.3.1/../../../../arm-atollic-eabi/lib/armv7e-m/fpu\libc_nano.a(lib_a-init.o)
                              startup\startup_stm32f407xx.o (__libc_init_array)
c:/program files (x86)/atollic/truestudio for stm32 9.3.0/armtools/bin/../lib/gcc/arm-atollic-eabi/6.3.1/../../../../arm-atollic-eabi/lib/armv7e-m/fpu\libc_nano.a(lib_a-memcpy-stub.o)
                              Middlewares\Third_Party\FreeRTOS\Source\CMSIS_RTOS_V2\cmsis_os2.o (memcpy)
c:/program files (x86)/atollic/truestudio for stm32 9.3.0/armtools/bin/../lib/gcc/arm-atollic-eabi/6.3.1/../../../../arm-atollic-eabi/lib/armv7e-m/fpu\libc_nano.a(lib_a-memset.o)
                              Middlewares\Third_Party\FreeRTOS\Source\stream_buffer.o (memset)
c:/program files (x86)/atollic/truestudio for stm32 9.3.0/armtools/bin/../lib/gcc/arm-atollic-eabi/6.3.1/../../../../arm-atollic-eabi/lib/armv7e-m/fpu\libc_nano.a(lib_a-printf.o)
                              Src\ST7032i.o (printf)
c:/program files (x86)/atollic/truestudio for stm32 9.3.0/armtools/bin/../lib/gcc/arm-atollic-eabi/6.3.1/../../../../arm-atollic-eabi/lib/armv7e-m/fpu\libc_nano.a(lib_a-putchar.o)
                              Src\ST7032i.o (putchar)
c:/program files (x86)/atollic/truestudio for stm32 9.3.0/armtools/bin/../lib/gcc/arm-atollic-eabi/6.3.1/../../../../arm-atollic-eabi/lib/armv7e-m/fpu\libc_nano.a(lib_a-puts.o)
                              Src\main.o (puts)
c:/program files (x86)/atollic/truestudio for stm32 9.3.0/armtools/bin/../lib/gcc/arm-atollic-eabi/6.3.1/../../../../arm-atollic-eabi/lib/armv7e-m/fpu\libc_nano.a(lib_a-strlen.o)
                              Src\ST7032i.o (strlen)
c:/program files (x86)/atollic/truestudio for stm32 9.3.0/armtools/bin/../lib/gcc/arm-atollic-eabi/6.3.1/../../../../arm-atollic-eabi/lib/armv7e-m/fpu\libc_nano.a(lib_a-wbuf.o)
                              c:/program files (x86)/atollic/truestudio for stm32 9.3.0/armtools/bin/../lib/gcc/arm-atollic-eabi/6.3.1/../../../../arm-atollic-eabi/lib/armv7e-m/fpu\libc_nano.a(lib_a-puts.o) (__swbuf_r)
c:/program files (x86)/atollic/truestudio for stm32 9.3.0/armtools/bin/../lib/gcc/arm-atollic-eabi/6.3.1/../../../../arm-atollic-eabi/lib/armv7e-m/fpu\libc_nano.a(lib_a-wsetup.o)
                              c:/program files (x86)/atollic/truestudio for stm32 9.3.0/armtools/bin/../lib/gcc/arm-atollic-eabi/6.3.1/../../../../arm-atollic-eabi/lib/armv7e-m/fpu\libc_nano.a(lib_a-puts.o) (__swsetup_r)
c:/program files (x86)/atollic/truestudio for stm32 9.3.0/armtools/bin/../lib/gcc/arm-atollic-eabi/6.3.1/../../../../arm-atollic-eabi/lib/armv7e-m/fpu\libc_nano.a(lib_a-fflush.o)
                              c:/program files (x86)/atollic/truestudio for stm32 9.3.0/armtools/bin/../lib/gcc/arm-atollic-eabi/6.3.1/../../../../arm-atollic-eabi/lib/armv7e-m/fpu\libc_nano.a(lib_a-wbuf.o) (_fflush_r)
c:/program files (x86)/atollic/truestudio for stm32 9.3.0/armtools/bin/../lib/gcc/arm-atollic-eabi/6.3.1/../../../../arm-atollic-eabi/lib/armv7e-m/fpu\libc_nano.a(lib_a-findfp.o)
                              c:/program files (x86)/atollic/truestudio for stm32 9.3.0/armtools/bin/../lib/gcc/arm-atollic-eabi/6.3.1/../../../../arm-atollic-eabi/lib/armv7e-m/fpu\libc_nano.a(lib_a-printf.o) (__sinit)
c:/program files (x86)/atollic/truestudio for stm32 9.3.0/armtools/bin/../lib/gcc/arm-atollic-eabi/6.3.1/../../../../arm-atollic-eabi/lib/armv7e-m/fpu\libc_nano.a(lib_a-fwalk.o)
                              c:/program files (x86)/atollic/truestudio for stm32 9.3.0/armtools/bin/../lib/gcc/arm-atollic-eabi/6.3.1/../../../../arm-atollic-eabi/lib/armv7e-m/fpu\libc_nano.a(lib_a-findfp.o) (_fwalk)
c:/program files (x86)/atollic/truestudio for stm32 9.3.0/armtools/bin/../lib/gcc/arm-atollic-eabi/6.3.1/../../../../arm-atollic-eabi/lib/armv7e-m/fpu\libc_nano.a(lib_a-makebuf.o)
                              c:/program files (x86)/atollic/truestudio for stm32 9.3.0/armtools/bin/../lib/gcc/arm-atollic-eabi/6.3.1/../../../../arm-atollic-eabi/lib/armv7e-m/fpu\libc_nano.a(lib_a-wsetup.o) (__smakebuf_r)
[...]
Memory Configuration

Name             Origin             Length             Attributes
RAM              0x20000000         0x00020000         xrw
CCMRAM           0x10000000         0x00010000         rw
FLASH            0x08000000         0x00080000         xr
*default*        0x00000000         0xffffffff

Linker script and memory map

LOAD c:/program files (x86)/atollic/truestudio for stm32 9.3.0/armtools/bin/../lib/gcc/arm-atollic-eabi/6.3.1/armv7e-m/fpu/crti.o
LOAD c:/program files (x86)/atollic/truestudio for stm32 9.3.0/armtools/bin/../lib/gcc/arm-atollic-eabi/6.3.1/armv7e-m/fpu/crtbegin.o
LOAD Drivers\STM32F4xx_HAL_Driver\Src\stm32f4xx_hal.o
LOAD Drivers\STM32F4xx_HAL_Driver\Src\stm32f4xx_hal_cortex.o
LOAD Drivers\STM32F4xx_HAL_Driver\Src\stm32f4xx_hal_dma.o
LOAD Drivers\STM32F4xx_HAL_Driver\Src\stm32f4xx_hal_dma_ex.o
LOAD Drivers\STM32F4xx_HAL_Driver\Src\stm32f4xx_hal_exti.o
LOAD Drivers\STM32F4xx_HAL_Driver\Src\stm32f4xx_hal_flash.o
LOAD Drivers\STM32F4xx_HAL_Driver\Src\stm32f4xx_hal_flash_ex.o
LOAD Drivers\STM32F4xx_HAL_Driver\Src\stm32f4xx_hal_flash_ramfunc.o
LOAD Drivers\STM32F4xx_HAL_Driver\Src\stm32f4xx_hal_gpio.o
LOAD Drivers\STM32F4xx_HAL_Driver\Src\stm32f4xx_hal_i2c.o
LOAD Drivers\STM32F4xx_HAL_Driver\Src\stm32f4xx_hal_i2c_ex.o
LOAD Drivers\STM32F4xx_HAL_Driver\Src\stm32f4xx_hal_pwr.o
LOAD Drivers\STM32F4xx_HAL_Driver\Src\stm32f4xx_hal_pwr_ex.o
LOAD Drivers\STM32F4xx_HAL_Driver\Src\stm32f4xx_hal_rcc.o
LOAD Drivers\STM32F4xx_HAL_Driver\Src\stm32f4xx_hal_rcc_ex.o
LOAD Drivers\STM32F4xx_HAL_Driver\Src\stm32f4xx_hal_tim.o
LOAD Drivers\STM32F4xx_HAL_Driver\Src\stm32f4xx_hal_tim_ex.o
LOAD Middlewares\Third_Party\FreeRTOS\Source\CMSIS_RTOS_V2\cmsis_os2.o
LOAD Middlewares\Third_Party\FreeRTOS\Source\croutine.o
LOAD Middlewares\Third_Party\FreeRTOS\Source\event_groups.o
LOAD Middlewares\Third_Party\FreeRTOS\Source\list.o
LOAD Middlewares\Third_Party\FreeRTOS\Source\portable\GCC\ARM_CM4F\port.o
LOAD Middlewares\Third_Party\FreeRTOS\Source\portable\MemMang\heap_4.o
LOAD Middlewares\Third_Party\FreeRTOS\Source\queue.o
LOAD Middlewares\Third_Party\FreeRTOS\Source\stream_buffer.o
LOAD Middlewares\Third_Party\FreeRTOS\Source\tasks.o
LOAD Middlewares\Third_Party\FreeRTOS\Source\timers.o
LOAD Src\ST7032i.o
LOAD Src\freertos.o
LOAD Src\main.o
LOAD Src\stm32f4xx_hal_msp.o
LOAD Src\stm32f4xx_hal_timebase_tim.o
LOAD Src\stm32f4xx_it.o
LOAD Src\syscalls.o
LOAD Src\system_stm32f4xx.o
LOAD startup\startup_stm32f407xx.o
                0x00000080                malloc_getpagesize_P = 0x80
START GROUP
LOAD c:/program files (x86)/atollic/truestudio for stm32 9.3.0/armtools/bin/../lib/gcc/arm-atollic-eabi/6.3.1/../../../../arm-atollic-eabi/lib/armv7e-m/fpu\libc_nano.a
LOAD c:/program files (x86)/atollic/truestudio for stm32 9.3.0/armtools/bin/../lib/gcc/arm-atollic-eabi/6.3.1/../../../../arm-atollic-eabi/lib/armv7e-m/fpu\libm.a
END GROUP
START GROUP
LOAD c:/program files (x86)/atollic/truestudio for stm32 9.3.0/armtools/bin/../lib/gcc/arm-atollic-eabi/6.3.1/armv7e-m/fpu\libgcc.a
LOAD c:/program files (x86)/atollic/truestudio for stm32 9.3.0/armtools/bin/../lib/gcc/arm-atollic-eabi/6.3.1/../../../../arm-atollic-eabi/lib/armv7e-m/fpu\libc_nano.a
END GROUP
START GROUP
LOAD c:/program files (x86)/atollic/truestudio for stm32 9.3.0/armtools/bin/../lib/gcc/arm-atollic-eabi/6.3.1/armv7e-m/fpu\libgcc.a
LOAD c:/program files (x86)/atollic/truestudio for stm32 9.3.0/armtools/bin/../lib/gcc/arm-atollic-eabi/6.3.1/../../../../arm-atollic-eabi/lib/armv7e-m/fpu\libc_nano.a
LOAD c:/program files (x86)/atollic/truestudio for stm32 9.3.0/armtools/bin/../lib/gcc/arm-atollic-eabi/6.3.1/../../../../arm-atollic-eabi/lib/armv7e-m/fpu\libnosys.a
END GROUP
START GROUP
LOAD c:/program files (x86)/atollic/truestudio for stm32 9.3.0/armtools/bin/../lib/gcc/arm-atollic-eabi/6.3.1/armv7e-m/fpu\libgcc.a
LOAD c:/program files (x86)/atollic/truestudio for stm32 9.3.0/armtools/bin/../lib/gcc/arm-atollic-eabi/6.3.1/../../../../arm-atollic-eabi/lib/armv7e-m/fpu\libc_nano.a
LOAD c:/program files (x86)/atollic/truestudio for stm32 9.3.0/armtools/bin/../lib/gcc/arm-atollic-eabi/6.3.1/../../../../arm-atollic-eabi/lib/armv7e-m/fpu\libnosys.a
END GROUP
LOAD c:/program files (x86)/atollic/truestudio for stm32 9.3.0/armtools/bin/../lib/gcc/arm-atollic-eabi/6.3.1/armv7e-m/fpu/crtend.o
LOAD c:/program files (x86)/atollic/truestudio for stm32 9.3.0/armtools/bin/../lib/gcc/arm-atollic-eabi/6.3.1/armv7e-m/fpu/crtn.o
                0x20020000                _estack = 0x20020000
                0x00003000                _Min_Heap_Size = 0x3000
                0x00006000                _Min_Stack_Size = 0x6000

.isr_vector     0x08000000      0x188
                0x08000000                . = ALIGN (0x4)
 *(.isr_vector)
 .isr_vector    0x08000000      0x188 startup\startup_stm32f407xx.o
                0x08000000                g_pfnVectors
                0x08000188                . = ALIGN (0x4)

.text           0x08000190     0x5110
                0x08000190                . = ALIGN (0x4)
 *(.text)
 .text          0x08000190       0x40 c:/program files (x86)/atollic/truestudio for stm32 9.3.0/armtools/bin/../lib/gcc/arm-atollic-eabi/6.3.1/armv7e-m/fpu/crtbegin.o
 .text          0x080001d0       0x10 c:/program files (x86)/atollic/truestudio for stm32 9.3.0/armtools/bin/../lib/gcc/arm-atollic-eabi/6.3.1/../../../../arm-atollic-eabi/lib/armv7e-m/fpu\libc_nano.a(lib_a-strlen.o)
                0x080001d0                strlen
 .text          0x080001e0       0xa0 c:/program files (x86)/atollic/truestudio for stm32 9.3.0/armtools/bin/../lib/gcc/arm-atollic-eabi/6.3.1/../../../../arm-atollic-eabi/lib/armv7e-m/fpu\libc_nano.a(lib_a-memchr.o)
                0x080001e0                memchr
 .text          0x08000280       0x30 c:/program files (x86)/atollic/truestudio for stm32 9.3.0/armtools/bin/../lib/gcc/arm-atollic-eabi/6.3.1/armv7e-m/fpu\libgcc.a(_aeabi_uldivmod.o)
                0x08000280                __aeabi_uldivmod
 .text          0x080002b0      0x2dc c:/program files (x86)/atollic/truestudio for stm32 9.3.0/armtools/bin/../lib/gcc/arm-atollic-eabi/6.3.1/armv7e-m/fpu\libgcc.a(_udivmoddi4.o)
                0x080002b0                __udivmoddi4
 .text          0x0800058c        0x4 c:/program files (x86)/atollic/truestudio for stm32 9.3.0/armtools/bin/../lib/gcc/arm-atollic-eabi/6.3.1/armv7e-m/fpu\libgcc.a(_dvmd_tls.o)
                0x0800058c                __aeabi_idiv0
                0x0800058c                __aeabi_ldiv0
 *(.text*)
 .text.HAL_Init
                0x08000590       0x34 Drivers\STM32F4xx_HAL_Driver\Src\stm32f4xx_hal.o
                0x08000590                HAL_Init
 .text.HAL_IncTick
                0x080005c4       0x18 Drivers\STM32F4xx_HAL_Driver\Src\stm32f4xx_hal.o
                0x080005c4                HAL_IncTick
 .text.HAL_GetTick
                0x080005dc        0xc Drivers\STM32F4xx_HAL_Driver\Src\stm32f4xx_hal.o
                0x080005dc                HAL_GetTick
 .text.HAL_Delay
                0x080005e8       0x28 Drivers\STM32F4xx_HAL_Driver\Src\stm32f4xx_hal.o
                0x080005e8                HAL_Delay
 .text.HAL_NVIC_SetPriorityGrouping
                0x08000610       0x24 Drivers\STM32F4xx_HAL_Driver\Src\stm32f4xx_hal_cortex.o
                0x08000610                HAL_NVIC_SetPriorityGrouping
 .text.HAL_NVIC_SetPriority
                0x08000634       0x68 Drivers\STM32F4xx_HAL_Driver\Src\stm32f4xx_hal_cortex.o
                0x08000634                HAL_NVIC_SetPriority
 .text.HAL_NVIC_EnableIRQ
                0x0800069c       0x1c Drivers\STM32F4xx_HAL_Driver\Src\stm32f4xx_hal_cortex.o
                0x0800069c                HAL_NVIC_EnableIRQ
 .text.HAL_DMA_Abort_IT
                0x080006b8       0x24 Drivers\STM32F4xx_HAL_Driver\Src\stm32f4xx_hal_dma.o
                0x080006b8                HAL_DMA_Abort_IT
 .text.HAL_DMA_GetState
                0x080006dc        0x6 Drivers\STM32F4xx_HAL_Driver\Src\stm32f4xx_hal_dma.o
                0x080006dc                HAL_DMA_GetState
 *fill*         0x080006e2        0x2 
 .text.HAL_GPIO_Init
                0x080006e4      0x1c0 Drivers\STM32F4xx_HAL_Driver\Src\stm32f4xx_hal_gpio.o
                0x080006e4                HAL_GPIO_Init
 .text.HAL_GPIO_ReadPin
                0x080008a4        0xc Drivers\STM32F4xx_HAL_Driver\Src\stm32f4xx_hal_gpio.o
                0x080008a4                HAL_GPIO_ReadPin
 .text.HAL_GPIO_WritePin
                0x080008b0        0xa Drivers\STM32F4xx_HAL_Driver\Src\stm32f4xx_hal_gpio.o
                0x080008b0                HAL_GPIO_WritePin
 .text.I2C_IsAcknowledgeFailed
                0x080008ba       0x34 Drivers\STM32F4xx_HAL_Driver\Src\stm32f4xx_hal_i2c.o
 .text.I2C_WaitOnMasterAddressFlagUntilTimeout
                0x080008ee       0x8a Drivers\STM32F4xx_HAL_Driver\Src\stm32f4xx_hal_i2c.o
 .text.I2C_WaitOnBTFFlagUntilTimeout
                0x08000978       0x4c Drivers\STM32F4xx_HAL_Driver\Src\stm32f4xx_hal_i2c.o
 .text.I2C_WaitOnFlagUntilTimeout
                0x080009c4       0x64 Drivers\STM32F4xx_HAL_Driver\Src\stm32f4xx_hal_i2c.o
 .text.I2C_WaitOnTXEFlagUntilTimeout
                0x08000a28       0x4c Drivers\STM32F4xx_HAL_Driver\Src\stm32f4xx_hal_i2c.o
 .text.HAL_I2C_Init
                0x08000a74      0x148 Drivers\STM32F4xx_HAL_Driver\Src\stm32f4xx_hal_i2c.o
                0x08000a74                HAL_I2C_Init
 .text.HAL_I2C_Master_Transmit
                0x08000bbc      0x19c Drivers\STM32F4xx_HAL_Driver\Src\stm32f4xx_hal_i2c.o
                0x08000bbc                HAL_I2C_Master_Transmit
 .text.HAL_I2C_MasterTxCpltCallback
                0x08000d58        0x2 Drivers\STM32F4xx_HAL_Driver\Src\stm32f4xx_hal_i2c.o
                0x08000d58                HAL_I2C_MasterTxCpltCallback
 .text.HAL_I2C_MasterRxCpltCallback
                0x08000d5a        0x2 Drivers\STM32F4xx_HAL_Driver\Src\stm32f4xx_hal_i2c.o
                0x08000d5a                HAL_I2C_MasterRxCpltCallback
 .text.HAL_I2C_SlaveTxCpltCallback
                0x08000d5c        0x2 Drivers\STM32F4xx_HAL_Driver\Src\stm32f4xx_hal_i2c.o
                0x08000d5c                HAL_I2C_SlaveTxCpltCallback
 .text.HAL_I2C_SlaveRxCpltCallback
                0x08000d5e        0x2 Drivers\STM32F4xx_HAL_Driver\Src\stm32f4xx_hal_i2c.o
                0x08000d5e                HAL_I2C_SlaveRxCpltCallback
 .text.HAL_I2C_AddrCallback
                0x08000d60        0x2 Drivers\STM32F4xx_HAL_Driver\Src\stm32f4xx_hal_i2c.o
                0x08000d60                HAL_I2C_AddrCallback
 .text.HAL_I2C_ListenCpltCallback
                0x08000d62        0x2 Drivers\STM32F4xx_HAL_Driver\Src\stm32f4xx_hal_i2c.o
                0x08000d62                HAL_I2C_ListenCpltCallback
 .text.HAL_I2C_MemTxCpltCallback
                0x08000d64        0x2 Drivers\STM32F4xx_HAL_Driver\Src\stm32f4xx_hal_i2c.o
                0x08000d64                HAL_I2C_MemTxCpltCallback
 .text.HAL_I2C_MemRxCpltCallback
                0x08000d66        0x2 Drivers\STM32F4xx_HAL_Driver\Src\stm32f4xx_hal_i2c.o
                0x08000d66                HAL_I2C_MemRxCpltCallback
 .text.HAL_I2C_ErrorCallback
                0x08000d68        0x2 Drivers\STM32F4xx_HAL_Driver\Src\stm32f4xx_hal_i2c.o
                0x08000d68                HAL_I2C_ErrorCallback
 .text.HAL_I2C_AbortCpltCallback
                0x08000d6a        0x2 Drivers\STM32F4xx_HAL_Driver\Src\stm32f4xx_hal_i2c.o
                0x08000d6a                HAL_I2C_AbortCpltCallback
 .text.I2C_DMAAbort
                0x08000d6c       0x76 Drivers\STM32F4xx_HAL_Driver\Src\stm32f4xx_hal_i2c.o
 *fill*         0x08000de2        0x2 
 .text.I2C_ITError
                0x08000de4      0x144 Drivers\STM32F4xx_HAL_Driver\Src\stm32f4xx_hal_i2c.o
 .text.HAL_I2C_EV_IRQHandler
                0x08000f28      0x848 Drivers\STM32F4xx_HAL_Driver\Src\stm32f4xx_hal_i2c.o
                0x08000f28                HAL_I2C_EV_IRQHandler
 .text.HAL_I2C_ER_IRQHandler
                0x08001770      0x12c Drivers\STM32F4xx_HAL_Driver\Src\stm32f4xx_hal_i2c.o
                0x08001770                HAL_I2C_ER_IRQHandler
 .text.HAL_RCC_OscConfig
                0x0800189c      0x304 Drivers\STM32F4xx_HAL_Driver\Src\stm32f4xx_hal_rcc.o
                0x0800189c                HAL_RCC_OscConfig
 .text.HAL_RCC_GetSysClockFreq
                0x08001ba0       0x5c Drivers\STM32F4xx_HAL_Driver\Src\stm32f4xx_hal_rcc.o
                0x08001ba0                HAL_RCC_GetSysClockFreq
 .text.HAL_RCC_ClockConfig
                0x08001bfc      0x134 Drivers\STM32F4xx_HAL_Driver\Src\stm32f4xx_hal_rcc.o
                0x08001bfc                HAL_RCC_ClockConfig
 .text.HAL_RCC_GetPCLK1Freq
                0x08001d30       0x20 Drivers\STM32F4xx_HAL_Driver\Src\stm32f4xx_hal_rcc.o
                0x08001d30                HAL_RCC_GetPCLK1Freq
 .text.HAL_RCC_GetClockConfig
                0x08001d50       0x3c Drivers\STM32F4xx_HAL_Driver\Src\stm32f4xx_hal_rcc.o
                0x08001d50                HAL_RCC_GetClockConfig
 .text.HAL_TIM_Base_MspInit
                0x08001d8c        0x2 Drivers\STM32F4xx_HAL_Driver\Src\stm32f4xx_hal_tim.o
                0x08001d8c                HAL_TIM_Base_MspInit
 .text.HAL_TIM_Base_Start_IT
                0x08001d8e       0x20 Drivers\STM32F4xx_HAL_Driver\Src\stm32f4xx_hal_tim.o
                0x08001d8e                HAL_TIM_Base_Start_IT
 .text.HAL_TIM_OC_DelayElapsedCallback
                0x08001dae        0x2 Drivers\STM32F4xx_HAL_Driver\Src\stm32f4xx_hal_tim.o
                0x08001dae                HAL_TIM_OC_DelayElapsedCallback
 .text.HAL_TIM_IC_CaptureCallback
                0x08001db0        0x2 Drivers\STM32F4xx_HAL_Driver\Src\stm32f4xx_hal_tim.o
                0x08001db0                HAL_TIM_IC_CaptureCallback
 .text.HAL_TIM_PWM_PulseFinishedCallback
                0x08001db2        0x2 Drivers\STM32F4xx_HAL_Driver\Src\stm32f4xx_hal_tim.o
                0x08001db2                HAL_TIM_PWM_PulseFinishedCallback
 .text.HAL_TIM_TriggerCallback
                0x08001db4        0x2 Drivers\STM32F4xx_HAL_Driver\Src\stm32f4xx_hal_tim.o
                0x08001db4                HAL_TIM_TriggerCallback
 .text.HAL_TIM_IRQHandler
                0x08001db6      0x144 Drivers\STM32F4xx_HAL_Driver\Src\stm32f4xx_hal_tim.o
                0x08001db6                HAL_TIM_IRQHandler
 *fill*         0x08001efa        0x2 
 .text.TIM_Base_SetConfig
                0x08001efc       0xcc Drivers\STM32F4xx_HAL_Driver\Src\stm32f4xx_hal_tim.o
                0x08001efc                TIM_Base_SetConfig
 .text.HAL_TIM_Base_Init
                0x08001fc8       0x34 Drivers\STM32F4xx_HAL_Driver\Src\stm32f4xx_hal_tim.o
                0x08001fc8                HAL_TIM_Base_Init
 .text.HAL_TIMEx_CommutCallback
                0x08001ffc        0x2 Drivers\STM32F4xx_HAL_Driver\Src\stm32f4xx_hal_tim_ex.o
                0x08001ffc                HAL_TIMEx_CommutCallback
 .text.HAL_TIMEx_BreakCallback
                0x08001ffe        0x2 Drivers\STM32F4xx_HAL_Driver\Src\stm32f4xx_hal_tim_ex.o
                0x08001ffe                HAL_TIMEx_BreakCallback
 .text.osKernelInitialize
                0x08002000       0x38 Middlewares\Third_Party\FreeRTOS\Source\CMSIS_RTOS_V2\cmsis_os2.o
                0x08002000                osKernelInitialize
 .text.osKernelStart
                0x08002038       0x40 Middlewares\Third_Party\FreeRTOS\Source\CMSIS_RTOS_V2\cmsis_os2.o
                0x08002038                osKernelStart
 .text.osThreadNew
                0x08002078       0xc4 Middlewares\Third_Party\FreeRTOS\Source\CMSIS_RTOS_V2\cmsis_os2.o
                0x08002078                osThreadNew
 .text.osDelay  0x0800213c       0x34 Middlewares\Third_Party\FreeRTOS\Source\CMSIS_RTOS_V2\cmsis_os2.o
                0x0800213c                osDelay
 .text.vApplicationGetIdleTaskMemory
                0x08002170       0x18 Middlewares\Third_Party\FreeRTOS\Source\CMSIS_RTOS_V2\cmsis_os2.o
                0x08002170                vApplicationGetIdleTaskMemory
 .text.vApplicationGetTimerTaskMemory
                0x08002188       0x18 Middlewares\Third_Party\FreeRTOS\Source\CMSIS_RTOS_V2\cmsis_os2.o
                0x08002188                vApplicationGetTimerTaskMemory
 .text.vListInitialise
                0x080021a0       0x16 Middlewares\Third_Party\FreeRTOS\Source\list.o
                0x080021a0                vListInitialise
 .text.vListInitialiseItem
                0x080021b6        0x6 Middlewares\Third_Party\FreeRTOS\Source\list.o
                0x080021b6                vListInitialiseItem
 .text.vListInsertEnd
                0x080021bc       0x18 Middlewares\Third_Party\FreeRTOS\Source\list.o
                0x080021bc                vListInsertEnd
 .text.vListInsert
                0x080021d4       0x2e Middlewares\Third_Party\FreeRTOS\Source\list.o
                0x080021d4                vListInsert
 .text.uxListRemove
                0x08002202       0x22 Middlewares\Third_Party\FreeRTOS\Source\list.o
                0x08002202                uxListRemove
 .text.prvTaskExitError
                0x08002224       0x40 Middlewares\Third_Party\FreeRTOS\Source\portable\GCC\ARM_CM4F\port.o
 .text.unlikely.prvPortStartFirstTask
                0x08002264       0x28 Middlewares\Third_Party\FreeRTOS\Source\portable\GCC\ARM_CM4F\port.o
 .text.unlikely.vPortEnableVFP
                0x0800228c       0x14 Middlewares\Third_Party\FreeRTOS\Source\portable\GCC\ARM_CM4F\port.o
 .text.pxPortInitialiseStack
                0x080022a0       0x2c Middlewares\Third_Party\FreeRTOS\Source\portable\GCC\ARM_CM4F\port.o
                0x080022a0                pxPortInitialiseStack
 *fill*         0x080022cc        0x4 
 .text.SVC_Handler
                0x080022d0       0x24 Middlewares\Third_Party\FreeRTOS\Source\portable\GCC\ARM_CM4F\port.o
                0x080022d0                SVC_Handler
 .text.vPortEnterCritical
                0x080022f4       0x44 Middlewares\Third_Party\FreeRTOS\Source\portable\GCC\ARM_CM4F\port.o
                0x080022f4                vPortEnterCritical
 .text.vPortExitCritical
                0x08002338       0x28 Middlewares\Third_Party\FreeRTOS\Source\portable\GCC\ARM_CM4F\port.o
                0x08002338                vPortExitCritical
 .text.PendSV_Handler
                0x08002360       0x64 Middlewares\Third_Party\FreeRTOS\Source\portable\GCC\ARM_CM4F\port.o
                0x08002360                PendSV_Handler
 .text.SysTick_Handler
                0x080023c4       0x2c Middlewares\Third_Party\FreeRTOS\Source\portable\GCC\ARM_CM4F\port.o
                0x080023c4                SysTick_Handler
 .text.vPortSetupTimerInterrupt
                0x080023f0       0x34 Middlewares\Third_Party\FreeRTOS\Source\portable\GCC\ARM_CM4F\port.o
                0x080023f0                vPortSetupTimerInterrupt
 .text.xPortStartScheduler
                0x08002424      0x10c Middlewares\Third_Party\FreeRTOS\Source\portable\GCC\ARM_CM4F\port.o
                0x08002424                xPortStartScheduler
 .text.vPortValidateInterruptPriority
                0x08002530       0x5c Middlewares\Third_Party\FreeRTOS\Source\portable\GCC\ARM_CM4F\port.o
                0x08002530                vPortValidateInterruptPriority
 .text.unlikely.prvInsertBlockIntoFreeList
                0x0800258c       0x48 Middlewares\Third_Party\FreeRTOS\Source\portable\MemMang\heap_4.o
 .text.pvPortMalloc
                0x080025d4      0x11c Middlewares\Third_Party\FreeRTOS\Source\portable\MemMang\heap_4.o
                0x080025d4                pvPortMalloc
 .text.vPortFree
                0x080026f0       0x70 Middlewares\Third_Party\FreeRTOS\Source\portable\MemMang\heap_4.o
                0x080026f0                vPortFree
 .text.prvIsQueueEmpty
                0x08002760       0x16 Middlewares\Third_Party\FreeRTOS\Source\queue.o
 .text.unlikely.prvCopyDataToQueue
                0x08002776       0x66 Middlewares\Third_Party\FreeRTOS\Source\queue.o
 .text.unlikely.prvCopyDataFromQueue
                0x080027dc       0x2a Middlewares\Third_Party\FreeRTOS\Source\queue.o
 .text.prvUnlockQueue
                0x08002806       0x70 Middlewares\Third_Party\FreeRTOS\Source\queue.o
 *fill*         0x08002876        0x2 
 .text.xQueueGenericReset
                0x08002878       0x80 Middlewares\Third_Party\FreeRTOS\Source\queue.o
                0x08002878                xQueueGenericReset
 .text.xQueueGenericCreateStatic
                0x080028f8       0x92 Middlewares\Third_Party\FreeRTOS\Source\queue.o
                0x080028f8                xQueueGenericCreateStatic
 *fill*         0x0800298a        0x2 
 .text.xQueueGenericSend
                0x0800298c      0x16c Middlewares\Third_Party\FreeRTOS\Source\queue.o
                0x0800298c                xQueueGenericSend
 .text.xQueueGenericSendFromISR
                0x08002af8       0xc4 Middlewares\Third_Party\FreeRTOS\Source\queue.o
                0x08002af8                xQueueGenericSendFromISR
 .text.xQueueReceive
                0x08002bbc      0x148 Middlewares\Third_Party\FreeRTOS\Source\queue.o
                0x08002bbc                xQueueReceive
 .text.vQueueAddToRegistry
                0x08002d04       0x24 Middlewares\Third_Party\FreeRTOS\Source\queue.o
                0x08002d04                vQueueAddToRegistry
 .text.vQueueWaitForMessageRestricted
                0x08002d28       0x46 Middlewares\Third_Party\FreeRTOS\Source\queue.o
                0x08002d28                vQueueWaitForMessageRestricted
 *fill*         0x08002d6e        0x2 
 .text.prvAddNewTaskToReadyList
                0x08002d70       0xf8 Middlewares\Third_Party\FreeRTOS\Source\tasks.o
 .text.prvResetNextTaskUnblockTime
                0x08002e68       0x24 Middlewares\Third_Party\FreeRTOS\Source\tasks.o
 .text.prvInitialiseNewTask.isra.2
                0x08002e8c       0x82 Middlewares\Third_Party\FreeRTOS\Source\tasks.o
 .text.prvDeleteTCB
                0x08002f0e       0x36 Middlewares\Third_Party\FreeRTOS\Source\tasks.o
 .text.prvIdleTask
                0x08002f44       0x64 Middlewares\Third_Party\FreeRTOS\Source\tasks.o
 .text.prvAddCurrentTaskToDelayedList
                0x08002fa8       0x74 Middlewares\Third_Party\FreeRTOS\Source\tasks.o
 .text.xTaskCreateStatic
                0x0800301c       0x6e Middlewares\Third_Party\FreeRTOS\Source\tasks.o
                0x0800301c                xTaskCreateStatic
 .text.xTaskCreate
                0x0800308a       0x5a Middlewares\Third_Party\FreeRTOS\Source\tasks.o
                0x0800308a                xTaskCreate
 .text.vTaskStartScheduler
                0x080030e4       0x88 Middlewares\Third_Party\FreeRTOS\Source\tasks.o
                0x080030e4                vTaskStartScheduler
 .text.vTaskSuspendAll
                0x0800316c       0x10 Middlewares\Third_Party\FreeRTOS\Source\tasks.o
                0x0800316c                vTaskSuspendAll
 .text.xTaskGetTickCount
                0x0800317c        0xc Middlewares\Third_Party\FreeRTOS\Source\tasks.o
                0x0800317c                xTaskGetTickCount
 .text.xTaskIncrementTick
                0x08003188      0x120 Middlewares\Third_Party\FreeRTOS\Source\tasks.o
                0x08003188                xTaskIncrementTick
 .text.xTaskResumeAll
                0x080032a8       0xe8 Middlewares\Third_Party\FreeRTOS\Source\tasks.o
                0x080032a8                xTaskResumeAll
 .text.vTaskDelay
                0x08003390       0x48 Middlewares\Third_Party\FreeRTOS\Source\tasks.o
                0x08003390                vTaskDelay
 .text.vTaskSwitchContext
                0x080033d8       0x78 Middlewares\Third_Party\FreeRTOS\Source\tasks.o
                0x080033d8                vTaskSwitchContext
 .text.vTaskPlaceOnEventList
                0x08003450       0x34 Middlewares\Third_Party\FreeRTOS\Source\tasks.o
                0x08003450                vTaskPlaceOnEventList
 .text.vTaskPlaceOnEventListRestricted
                0x08003484       0x3c Middlewares\Third_Party\FreeRTOS\Source\tasks.o
                0x08003484                vTaskPlaceOnEventListRestricted
 .text.xTaskRemoveFromEventList
                0x080034c0       0x80 Middlewares\Third_Party\FreeRTOS\Source\tasks.o
                0x080034c0                xTaskRemoveFromEventList
 .text.vTaskInternalSetTimeOutState
                0x08003540       0x18 Middlewares\Third_Party\FreeRTOS\Source\tasks.o
                0x08003540                vTaskInternalSetTimeOutState
 .text.xTaskCheckForTimeOut
                0x08003558       0x78 Middlewares\Third_Party\FreeRTOS\Source\tasks.o
                0x08003558                xTaskCheckForTimeOut
 .text.vTaskMissedYield
                0x080035d0        0xc Middlewares\Third_Party\FreeRTOS\Source\tasks.o
                0x080035d0                vTaskMissedYield
 .text.xTaskGetSchedulerState
                0x080035dc       0x20 Middlewares\Third_Party\FreeRTOS\Source\tasks.o
                0x080035dc                xTaskGetSchedulerState
 .text.xTaskPriorityDisinherit
                0x080035fc       0x84 Middlewares\Third_Party\FreeRTOS\Source\tasks.o
                0x080035fc                xTaskPriorityDisinherit
 .text.prvCheckForValidListAndQueue
                0x08003680       0x68 Middlewares\Third_Party\FreeRTOS\Source\timers.o
 .text.prvInsertTimerInActiveList
                0x080036e8       0x3c Middlewares\Third_Party\FreeRTOS\Source\timers.o
 .text.xTimerCreateTimerTask
                0x08003724       0x68 Middlewares\Third_Party\FreeRTOS\Source\timers.o
                0x08003724                xTimerCreateTimerTask
 .text.xTimerGenericCommand
                0x0800378c       0x58 Middlewares\Third_Party\FreeRTOS\Source\timers.o
                0x0800378c                xTimerGenericCommand
 .text.prvSwitchTimerLists
                0x080037e4       0x7c Middlewares\Third_Party\FreeRTOS\Source\timers.o
 .text.prvTimerTask
                0x08003860      0x1d4 Middlewares\Third_Party\FreeRTOS\Source\timers.o
 .text.LCD_print_String_prefix
                0x08003a34       0x18 Src\ST7032i.o
                0x08003a34                LCD_print_String_prefix
 .text.LCD_enable
                0x08003a4c       0x30 Src\ST7032i.o
                0x08003a4c                LCD_enable
 .text.LCD_SendCommands
                0x08003a7c       0x4c Src\ST7032i.o
                0x08003a7c                LCD_SendCommands
 .text.LCD_SendDates
                0x08003ac8       0x60 Src\ST7032i.o
                0x08003ac8                LCD_SendDates
 .text.LCD_SendCommand
                0x08003b28       0x30 Src\ST7032i.o
                0x08003b28                LCD_SendCommand
 .text.before_LCD_print
                0x08003b58       0x2c Src\ST7032i.o
                0x08003b58                before_LCD_print
 .text.LCD_print_String
                0x08003b84       0x9c Src\ST7032i.o
                0x08003b84                LCD_print_String
 .text.LCD_clear
                0x08003c20       0x34 Src\ST7032i.o
                0x08003c20                LCD_clear
 .text.LCD_Init
                0x08003c54       0x4c Src\ST7032i.o
                0x08003c54                LCD_Init
 .text.StartTask02
                0x08003ca0        0xa Src\main.o
                0x08003ca0                StartTask02
 *fill*         0x08003caa        0x2 
 .text.StartDefaultTask
                0x08003cac       0xdc Src\main.o
                0x08003cac                StartDefaultTask
 .text.HAL_TIM_PeriodElapsedCallback
                0x08003d88       0x14 Src\main.o
                0x08003d88                HAL_TIM_PeriodElapsedCallback
 .text.Error_Handler
                0x08003d9c        0xc Src\main.o
                0x08003d9c                Error_Handler
 .text.SystemClock_Config
                0x08003da8       0xa4 Src\main.o
                0x08003da8                SystemClock_Config
 .text.startup.main
                0x08003e4c      0x1ac Src\main.o
                0x08003e4c                main
 .text.HAL_MspInit
                0x08003ff8       0x44 Src\stm32f4xx_hal_msp.o
                0x08003ff8                HAL_MspInit
 .text.HAL_I2C_MspInit
                0x0800403c       0x9c Src\stm32f4xx_hal_msp.o
                0x0800403c                HAL_I2C_MspInit
 .text.HAL_InitTick
                0x080040d8       0x7c Src\stm32f4xx_hal_timebase_tim.o
                0x080040d8                HAL_InitTick
 .text.NMI_Handler
                0x08004154        0x2 Src\stm32f4xx_it.o
                0x08004154                NMI_Handler
 .text.HardFault_Handler
                0x08004156        0x2 Src\stm32f4xx_it.o
                0x08004156                HardFault_Handler
 .text.MemManage_Handler
                0x08004158        0x2 Src\stm32f4xx_it.o
                0x08004158                MemManage_Handler
 .text.BusFault_Handler
                0x0800415a        0x2 Src\stm32f4xx_it.o
                0x0800415a                BusFault_Handler
 .text.UsageFault_Handler
                0x0800415c        0x2 Src\stm32f4xx_it.o
                0x0800415c                UsageFault_Handler
 .text.DebugMon_Handler
                0x0800415e        0x2 Src\stm32f4xx_it.o
                0x0800415e                DebugMon_Handler
 .text.I2C1_EV_IRQHandler
                0x08004160        0xc Src\stm32f4xx_it.o
                0x08004160                I2C1_EV_IRQHandler
 .text.I2C1_ER_IRQHandler
                0x0800416c        0xc Src\stm32f4xx_it.o
                0x0800416c                I2C1_ER_IRQHandler
 .text.TIM7_IRQHandler
                0x08004178        0xc Src\stm32f4xx_it.o
                0x08004178                TIM7_IRQHandler
 .text._read    0x08004184       0x1c Src\syscalls.o
                0x08004184                _read
 .text._write   0x080041a0       0x32 Src\syscalls.o
                0x080041a0                _write
 *fill*         0x080041d2        0x2 
 .text._sbrk    0x080041d4       0x34 Src\syscalls.o
                0x080041d4                _sbrk
 .text._close   0x08004208        0x6 Src\syscalls.o
                0x08004208                _close
 .text._fstat   0x0800420e        0xa Src\syscalls.o
                0x0800420e                _fstat
 .text._isatty  0x08004218        0x4 Src\syscalls.o
                0x08004218                _isatty
 .text._lseek   0x0800421c        0x4 Src\syscalls.o
                0x0800421c                _lseek
 .text.SystemInit
                0x08004220       0x4c Src\system_stm32f4xx.o
                0x08004220                SystemInit
 .text.Reset_Handler
                0x0800426c       0x50 startup\startup_stm32f407xx.o
                0x0800426c                Reset_Handler
 .text.Default_Handler
                0x080042bc        0x2 startup\startup_stm32f407xx.o
                0x080042bc                RTC_Alarm_IRQHandler
                0x080042bc                HASH_RNG_IRQHandler
                0x080042bc                EXTI2_IRQHandler
                0x080042bc                TIM8_CC_IRQHandler
                0x080042bc                TIM1_CC_IRQHandler
                0x080042bc                DMA2_Stream5_IRQHandler
                0x080042bc                DMA1_Stream5_IRQHandler
                0x080042bc                PVD_IRQHandler
                0x080042bc                SDIO_IRQHandler
                0x080042bc                TAMP_STAMP_IRQHandler
                0x080042bc                CAN2_RX1_IRQHandler
                0x080042bc                EXTI3_IRQHandler
                0x080042bc                TIM8_TRG_COM_TIM14_IRQHandler
                0x080042bc                TIM1_UP_TIM10_IRQHandler
                0x080042bc                TIM8_UP_TIM13_IRQHandler
                0x080042bc                I2C3_ER_IRQHandler
                0x080042bc                EXTI0_IRQHandler
                0x080042bc                I2C2_EV_IRQHandler
                0x080042bc                DMA1_Stream2_IRQHandler
                0x080042bc                CAN1_RX0_IRQHandler
                0x080042bc                FPU_IRQHandler
                0x080042bc                OTG_HS_WKUP_IRQHandler
                0x080042bc                CAN2_SCE_IRQHandler
                0x080042bc                DMA2_Stream2_IRQHandler
                0x080042bc                SPI1_IRQHandler
                0x080042bc                TIM6_DAC_IRQHandler
                0x080042bc                TIM1_BRK_TIM9_IRQHandler
                0x080042bc                DCMI_IRQHandler
                0x080042bc                CAN2_RX0_IRQHandler
                0x080042bc                DMA2_Stream3_IRQHandler
                0x080042bc                USART6_IRQHandler
                0x080042bc                USART3_IRQHandler
                0x080042bc                CAN1_RX1_IRQHandler
                0x080042bc                UART5_IRQHandler
                0x080042bc                DMA2_Stream0_IRQHandler
                0x080042bc                TIM4_IRQHandler
                0x080042bc                DMA1_Stream6_IRQHandler
                0x080042bc                DMA1_Stream1_IRQHandler
                0x080042bc                UART4_IRQHandler
                0x080042bc                TIM3_IRQHandler
                0x080042bc                RCC_IRQHandler
                0x080042bc                TIM8_BRK_TIM12_IRQHandler
                0x080042bc                Default_Handler
                0x080042bc                EXTI15_10_IRQHandler
                0x080042bc                ADC_IRQHandler
                0x080042bc                DMA1_Stream7_IRQHandler
                0x080042bc                CAN2_TX_IRQHandler
                0x080042bc                TIM5_IRQHandler
                0x080042bc                DMA2_Stream7_IRQHandler
                0x080042bc                I2C3_EV_IRQHandler
                0x080042bc                EXTI9_5_IRQHandler
                0x080042bc                RTC_WKUP_IRQHandler
                0x080042bc                ETH_WKUP_IRQHandler
                0x080042bc                SPI2_IRQHandler
                0x080042bc                OTG_HS_EP1_IN_IRQHandler
                0x080042bc                DMA1_Stream0_IRQHandler
                0x080042bc                CAN1_TX_IRQHandler
                0x080042bc                EXTI4_IRQHandler
                0x080042bc                FSMC_IRQHandler
                0x080042bc                ETH_IRQHandler
                0x080042bc                OTG_HS_EP1_OUT_IRQHandler
                0x080042bc                WWDG_IRQHandler
                0x080042bc                TIM2_IRQHandler
                0x080042bc                OTG_FS_WKUP_IRQHandler
                0x080042bc                TIM1_TRG_COM_TIM11_IRQHandler
                0x080042bc                OTG_HS_IRQHandler
                0x080042bc                EXTI1_IRQHandler
                0x080042bc                USART2_IRQHandler
                0x080042bc                I2C2_ER_IRQHandler
                0x080042bc                DMA2_Stream1_IRQHandler
                0x080042bc                CAN1_SCE_IRQHandler
                0x080042bc                FLASH_IRQHandler
                0x080042bc                DMA2_Stream4_IRQHandler
                0x080042bc                USART1_IRQHandler
                0x080042bc                OTG_FS_IRQHandler
                0x080042bc                SPI3_IRQHandler
                0x080042bc                DMA1_Stream4_IRQHandler
                0x080042bc                DMA2_Stream6_IRQHandler
                0x080042bc                DMA1_Stream3_IRQHandler
 *fill*         0x080042be        0x2 
 .text.__errno  0x080042c0        0xc c:/program files (x86)/atollic/truestudio for stm32 9.3.0/armtools/bin/../lib/gcc/arm-atollic-eabi/6.3.1/../../../../arm-atollic-eabi/lib/armv7e-m/fpu\libc_nano.a(lib_a-errno.o)
                0x080042c0                __errno
 .text.__libc_init_array
                0x080042cc       0x48 c:/program files (x86)/atollic/truestudio for stm32 9.3.0/armtools/bin/../lib/gcc/arm-atollic-eabi/6.3.1/../../../../arm-atollic-eabi/lib/armv7e-m/fpu\libc_nano.a(lib_a-init.o)
                0x080042cc                __libc_init_array
 .text.memcpy   0x08004314       0x16 c:/program files (x86)/atollic/truestudio for stm32 9.3.0/armtools/bin/../lib/gcc/arm-atollic-eabi/6.3.1/../../../../arm-atollic-eabi/lib/armv7e-m/fpu\libc_nano.a(lib_a-memcpy-stub.o)
                0x08004314                memcpy
 .text.memset   0x0800432a       0x10 c:/program files (x86)/atollic/truestudio for stm32 9.3.0/armtools/bin/../lib/gcc/arm-atollic-eabi/6.3.1/../../../../arm-atollic-eabi/lib/armv7e-m/fpu\libc_nano.a(lib_a-memset.o)
                0x0800432a                memset
 *fill*         0x0800433a        0x2 
 .text.printf   0x0800433c       0x30 c:/program files (x86)/atollic/truestudio for stm32 9.3.0/armtools/bin/../lib/gcc/arm-atollic-eabi/6.3.1/../../../../arm-atollic-eabi/lib/armv7e-m/fpu\libc_nano.a(lib_a-printf.o)
                0x0800433c                iprintf
                0x0800433c                printf
 .text.putchar  0x0800436c       0x28 c:/program files (x86)/atollic/truestudio for stm32 9.3.0/armtools/bin/../lib/gcc/arm-atollic-eabi/6.3.1/../../../../arm-atollic-eabi/lib/armv7e-m/fpu\libc_nano.a(lib_a-putchar.o)
                0x0800436c                putchar
 .text._puts_r  0x08004394       0xb8 c:/program files (x86)/atollic/truestudio for stm32 9.3.0/armtools/bin/../lib/gcc/arm-atollic-eabi/6.3.1/../../../../arm-atollic-eabi/lib/armv7e-m/fpu\libc_nano.a(lib_a-puts.o)
                0x08004394                _puts_r
 .text.puts     0x0800444c       0x10 c:/program files (x86)/atollic/truestudio for stm32 9.3.0/armtools/bin/../lib/gcc/arm-atollic-eabi/6.3.1/../../../../arm-atollic-eabi/lib/armv7e-m/fpu\libc_nano.a(lib_a-puts.o)
                0x0800444c                puts
 .text.__swbuf_r
                0x0800445c       0xa4 c:/program files (x86)/atollic/truestudio for stm32 9.3.0/armtools/bin/../lib/gcc/arm-atollic-eabi/6.3.1/../../../../arm-atollic-eabi/lib/armv7e-m/fpu\libc_nano.a(lib_a-wbuf.o)
                0x0800445c                __swbuf_r
 .text.__swsetup_r
                0x08004500       0xdc c:/program files (x86)/atollic/truestudio for stm32 9.3.0/armtools/bin/../lib/gcc/arm-atollic-eabi/6.3.1/../../../../arm-atollic-eabi/lib/armv7e-m/fpu\libc_nano.a(lib_a-wsetup.o)
                0x08004500                __swsetup_r
 .text.__sflush_r
                0x080045dc      0x110 c:/program files (x86)/atollic/truestudio for stm32 9.3.0/armtools/bin/../lib/gcc/arm-atollic-eabi/6.3.1/../../../../arm-atollic-eabi/lib/armv7e-m/fpu\libc_nano.a(lib_a-fflush.o)
                0x080045dc                __sflush_r
 .text._fflush_r
                0x080046ec       0x54 c:/program files (x86)/atollic/truestudio for stm32 9.3.0/armtools/bin/../lib/gcc/arm-atollic-eabi/6.3.1/../../../../arm-atollic-eabi/lib/armv7e-m/fpu\libc_nano.a(lib_a-fflush.o)
                0x080046ec                _fflush_r
 .text._cleanup_r
                0x08004740        0xc c:/program files (x86)/atollic/truestudio for stm32 9.3.0/armtools/bin/../lib/gcc/arm-atollic-eabi/6.3.1/../../../../arm-atollic-eabi/lib/armv7e-m/fpu\libc_nano.a(lib_a-findfp.o)
                0x08004740                _cleanup_r
 .text.std.isra.0
                0x0800474c       0x48 c:/program files (x86)/atollic/truestudio for stm32 9.3.0/armtools/bin/../lib/gcc/arm-atollic-eabi/6.3.1/../../../../arm-atollic-eabi/lib/armv7e-m/fpu\libc_nano.a(lib_a-findfp.o)
 .text.__sfmoreglue
                0x08004794       0x2c c:/program files (x86)/atollic/truestudio for stm32 9.3.0/armtools/bin/../lib/gcc/arm-atollic-eabi/6.3.1/../../../../arm-atollic-eabi/lib/armv7e-m/fpu\libc_nano.a(lib_a-findfp.o)
                0x08004794                __sfmoreglue
 .text.__sinit  0x080047c0       0x60 c:/program files (x86)/atollic/truestudio for stm32 9.3.0/armtools/bin/../lib/gcc/arm-atollic-eabi/6.3.1/../../../../arm-atollic-eabi/lib/armv7e-m/fpu\libc_nano.a(lib_a-findfp.o)
                0x080047c0                __sinit
 .text.__sfp    0x08004820       0x78 c:/program files (x86)/atollic/truestudio for stm32 9.3.0/armtools/bin/../lib/gcc/arm-atollic-eabi/6.3.1/../../../../arm-atollic-eabi/lib/armv7e-m/fpu\libc_nano.a(lib_a-findfp.o)
                0x08004820                __sfp
 .text._fwalk_reent
                0x08004898       0x3c c:/program files (x86)/atollic/truestudio for stm32 9.3.0/armtools/bin/../lib/gcc/arm-atollic-eabi/6.3.1/../../../../arm-atollic-eabi/lib/armv7e-m/fpu\libc_nano.a(lib_a-fwalk.o)
                0x08004898                _fwalk_reent
 .text.__swhatbuf_r
                0x080048d4       0x48 c:/program files (x86)/atollic/truestudio for stm32 9.3.0/armtools/bin/../lib/gcc/arm-atollic-eabi/6.3.1/../../../../arm-atollic-eabi/lib/armv7e-m/fpu\libc_nano.a(lib_a-makebuf.o)
                0x080048d4                __swhatbuf_r
 .text.__smakebuf_r
                0x0800491c       0x80 c:/program files (x86)/atollic/truestudio for stm32 9.3.0/armtools/bin/../lib/gcc/arm-atollic-eabi/6.3.1/../../../../arm-atollic-eabi/lib/armv7e-m/fpu\libc_nano.a(lib_a-makebuf.o)
                0x0800491c                __smakebuf_r
 .text._free_r  0x0800499c       0x9c c:/program files (x86)/atollic/truestudio for stm32 9.3.0/armtools/bin/../lib/gcc/arm-atollic-eabi/6.3.1/../../../../arm-atollic-eabi/lib/armv7e-m/fpu\libc_nano.a(lib_a-nano-freer.o)
                0x0800499c                _free_r
 .text._malloc_r
                0x08004a38       0xbc c:/program files (x86)/atollic/truestudio for stm32 9.3.0/armtools/bin/../lib/gcc/arm-atollic-eabi/6.3.1/../../../../arm-atollic-eabi/lib/armv7e-m/fpu\libc_nano.a(lib_a-nano-mallocr.o)
                0x08004a38                _malloc_r
 .text.__sfputc_r
                0x08004af4       0x30 c:/program files (x86)/atollic/truestudio for stm32 9.3.0/armtools/bin/../lib/gcc/arm-atollic-eabi/6.3.1/../../../../arm-atollic-eabi/lib/armv7e-m/fpu\libc_nano.a(lib_a-nano-vfprintf.o)
 .text.__sfputs_r
                0x08004b24       0x24 c:/program files (x86)/atollic/truestudio for stm32 9.3.0/armtools/bin/../lib/gcc/arm-atollic-eabi/6.3.1/../../../../arm-atollic-eabi/lib/armv7e-m/fpu\libc_nano.a(lib_a-nano-vfprintf.o)
                0x08004b24                __sfputs_r
 .text._vfprintf_r
                0x08004b48      0x22c c:/program files (x86)/atollic/truestudio for stm32 9.3.0/armtools/bin/../lib/gcc/arm-atollic-eabi/6.3.1/../../../../arm-atollic-eabi/lib/armv7e-m/fpu\libc_nano.a(lib_a-nano-vfprintf.o)
                0x08004b48                _vfprintf_r
                0x08004b48                _vfiprintf_r
 .text._printf_common
                0x08004d74       0xec c:/program files (x86)/atollic/truestudio for stm32 9.3.0/armtools/bin/../lib/gcc/arm-atollic-eabi/6.3.1/../../../../arm-atollic-eabi/lib/armv7e-m/fpu\libc_nano.a(lib_a-nano-vfprintf_i.o)
                0x08004d74                _printf_common
 .text._printf_i
                0x08004e60      0x240 c:/program files (x86)/atollic/truestudio for stm32 9.3.0/armtools/bin/../lib/gcc/arm-atollic-eabi/6.3.1/../../../../arm-atollic-eabi/lib/armv7e-m/fpu\libc_nano.a(lib_a-nano-vfprintf_i.o)
                0x08004e60                _printf_i
 .text._putc_r  0x080050a0       0x6c c:/program files (x86)/atollic/truestudio for stm32 9.3.0/armtools/bin/../lib/gcc/arm-atollic-eabi/6.3.1/../../../../arm-atollic-eabi/lib/armv7e-m/fpu\libc_nano.a(lib_a-putc.o)
                0x080050a0                _putc_r
 .text._sbrk_r  0x0800510c       0x20 c:/program files (x86)/atollic/truestudio for stm32 9.3.0/armtools/bin/../lib/gcc/arm-atollic-eabi/6.3.1/../../../../arm-atollic-eabi/lib/armv7e-m/fpu\libc_nano.a(lib_a-sbrkr.o)
                0x0800510c                _sbrk_r
 .text.__sread  0x0800512c       0x22 c:/program files (x86)/atollic/truestudio for stm32 9.3.0/armtools/bin/../lib/gcc/arm-atollic-eabi/6.3.1/../../../../arm-atollic-eabi/lib/armv7e-m/fpu\libc_nano.a(lib_a-stdio.o)
                0x0800512c                __sread
 .text.__swrite
                0x0800514e       0x38 c:/program files (x86)/atollic/truestudio for stm32 9.3.0/armtools/bin/../lib/gcc/arm-atollic-eabi/6.3.1/../../../../arm-atollic-eabi/lib/armv7e-m/fpu\libc_nano.a(lib_a-stdio.o)
                0x0800514e                __swrite
 .text.__sseek  0x08005186       0x24 c:/program files (x86)/atollic/truestudio for stm32 9.3.0/armtools/bin/../lib/gcc/arm-atollic-eabi/6.3.1/../../../../arm-atollic-eabi/lib/armv7e-m/fpu\libc_nano.a(lib_a-stdio.o)
                0x08005186                __sseek
 .text.__sclose
                0x080051aa        0x8 c:/program files (x86)/atollic/truestudio for stm32 9.3.0/armtools/bin/../lib/gcc/arm-atollic-eabi/6.3.1/../../../../arm-atollic-eabi/lib/armv7e-m/fpu\libc_nano.a(lib_a-stdio.o)
                0x080051aa                __sclose
 *fill*         0x080051b2        0x2 
 .text._write_r
                0x080051b4       0x24 c:/program files (x86)/atollic/truestudio for stm32 9.3.0/armtools/bin/../lib/gcc/arm-atollic-eabi/6.3.1/../../../../arm-atollic-eabi/lib/armv7e-m/fpu\libc_nano.a(lib_a-writer.o)
                0x080051b4                _write_r
 .text._close_r
                0x080051d8       0x20 c:/program files (x86)/atollic/truestudio for stm32 9.3.0/armtools/bin/../lib/gcc/arm-atollic-eabi/6.3.1/../../../../arm-atollic-eabi/lib/armv7e-m/fpu\libc_nano.a(lib_a-closer.o)
                0x080051d8                _close_r
 .text._fstat_r
                0x080051f8       0x24 c:/program files (x86)/atollic/truestudio for stm32 9.3.0/armtools/bin/../lib/gcc/arm-atollic-eabi/6.3.1/../../../../arm-atollic-eabi/lib/armv7e-m/fpu\libc_nano.a(lib_a-fstatr.o)
                0x080051f8                _fstat_r
 .text._isatty_r
                0x0800521c       0x20 c:/program files (x86)/atollic/truestudio for stm32 9.3.0/armtools/bin/../lib/gcc/arm-atollic-eabi/6.3.1/../../../../arm-atollic-eabi/lib/armv7e-m/fpu\libc_nano.a(lib_a-isattyr.o)
                0x0800521c                _isatty_r
 .text._lseek_r
                0x0800523c       0x24 c:/program files (x86)/atollic/truestudio for stm32 9.3.0/armtools/bin/../lib/gcc/arm-atollic-eabi/6.3.1/../../../../arm-atollic-eabi/lib/armv7e-m/fpu\libc_nano.a(lib_a-lseekr.o)
                0x0800523c                _lseek_r
 .text.__malloc_lock
                0x08005260        0x2 c:/program files (x86)/atollic/truestudio for stm32 9.3.0/armtools/bin/../lib/gcc/arm-atollic-eabi/6.3.1/../../../../arm-atollic-eabi/lib/armv7e-m/fpu\libc_nano.a(lib_a-mlock.o)
                0x08005260                __malloc_lock
 .text.__malloc_unlock
                0x08005262        0x2 c:/program files (x86)/atollic/truestudio for stm32 9.3.0/armtools/bin/../lib/gcc/arm-atollic-eabi/6.3.1/../../../../arm-atollic-eabi/lib/armv7e-m/fpu\libc_nano.a(lib_a-mlock.o)
                0x08005262                __malloc_unlock
 .text._read_r  0x08005264       0x24 c:/program files (x86)/atollic/truestudio for stm32 9.3.0/armtools/bin/../lib/gcc/arm-atollic-eabi/6.3.1/../../../../arm-atollic-eabi/lib/armv7e-m/fpu\libc_nano.a(lib_a-readr.o)
                0x08005264                _read_r
 *(.glue_7)
 .glue_7        0x08005288        0x0 linker stubs
 *(.glue_7t)
 .glue_7t       0x08005288        0x0 linker stubs
 *(.eh_frame)
 .eh_frame      0x08005288        0x0 c:/program files (x86)/atollic/truestudio for stm32 9.3.0/armtools/bin/../lib/gcc/arm-atollic-eabi/6.3.1/armv7e-m/fpu/crtbegin.o
 *(.init)
 .init          0x08005288        0x4 c:/program files (x86)/atollic/truestudio for stm32 9.3.0/armtools/bin/../lib/gcc/arm-atollic-eabi/6.3.1/armv7e-m/fpu/crti.o
                0x08005288                _init
 .init          0x0800528c        0x8 c:/program files (x86)/atollic/truestudio for stm32 9.3.0/armtools/bin/../lib/gcc/arm-atollic-eabi/6.3.1/armv7e-m/fpu/crtn.o
 *(.fini)
 .fini          0x08005294        0x4 c:/program files (x86)/atollic/truestudio for stm32 9.3.0/armtools/bin/../lib/gcc/arm-atollic-eabi/6.3.1/armv7e-m/fpu/crti.o
                0x08005294                _fini
 .fini          0x08005298        0x8 c:/program files (x86)/atollic/truestudio for stm32 9.3.0/armtools/bin/../lib/gcc/arm-atollic-eabi/6.3.1/armv7e-m/fpu/crtn.o
                0x080052a0                . = ALIGN (0x4)
                0x080052a0                _etext = .

.vfp11_veneer   0x080052a0        0x0
 .vfp11_veneer  0x080052a0        0x0 linker stubs

.v4_bx          0x080052a0        0x0
 .v4_bx         0x080052a0        0x0 linker stubs

.iplt           0x080052a0        0x0
 .iplt          0x080052a0        0x0 c:/program files (x86)/atollic/truestudio for stm32 9.3.0/armtools/bin/../lib/gcc/arm-atollic-eabi/6.3.1/armv7e-m/fpu/crtbegin.o

.rodata         0x080052a0      0x684
                0x080052a0                . = ALIGN (0x4)
 *(.rodata)
 *(.rodata*)
 .rodata.vTaskStartScheduler.str1.1
                0x080052a0        0x5 Middlewares\Third_Party\FreeRTOS\Source\tasks.o
 .rodata.prvCheckForValidListAndQueue.str1.1
                0x080052a5        0x5 Middlewares\Third_Party\FreeRTOS\Source\timers.o
 .rodata.xTimerCreateTimerTask.str1.1
                0x080052aa        0x8 Middlewares\Third_Party\FreeRTOS\Source\timers.o
 .rodata.FontTable
                0x080052b2      0x500 Src\ST7032i.o
                0x080052b2                FontTable
 .rodata.LCD_SendCommands.str1.1
                0x080057b2        0xc Src\ST7032i.o
 .rodata.LCD_SendDates.str1.1
                0x080057be       0x16 Src\ST7032i.o
                                 0x1c (size before relaxing)
 .rodata.Error_Handler.str1.1
                0x080057d4        0xf Src\main.o
 .rodata.StartDefaultTask.str1.1
                0x080057e3       0x5f Src\main.o
 .rodata.main.str1.1
                0x08005842       0x1b Src\main.o
 .rodata.HAL_I2C_MspInit.str1.1
                0x0800585d       0x17 Src\stm32f4xx_hal_msp.o
 .rodata.AHBPrescTable
                0x08005874       0x10 Src\system_stm32f4xx.o
                0x08005874                AHBPrescTable
 .rodata.APBPrescTable
                0x08005884        0x8 Src\system_stm32f4xx.o
                0x08005884                APBPrescTable
 .rodata._global_impure_ptr
                0x0800588c        0x4 c:/program files (x86)/atollic/truestudio for stm32 9.3.0/armtools/bin/../lib/gcc/arm-atollic-eabi/6.3.1/../../../../arm-atollic-eabi/lib/armv7e-m/fpu\libc_nano.a(lib_a-impure.o)
                0x0800588c                _global_impure_ptr
 .rodata.__sf_fake_stderr
                0x08005890       0x20 c:/program files (x86)/atollic/truestudio for stm32 9.3.0/armtools/bin/../lib/gcc/arm-atollic-eabi/6.3.1/../../../../arm-atollic-eabi/lib/armv7e-m/fpu\libc_nano.a(lib_a-findfp.o)
                0x08005890                __sf_fake_stderr
 .rodata.__sf_fake_stdin
                0x080058b0       0x20 c:/program files (x86)/atollic/truestudio for stm32 9.3.0/armtools/bin/../lib/gcc/arm-atollic-eabi/6.3.1/../../../../arm-atollic-eabi/lib/armv7e-m/fpu\libc_nano.a(lib_a-findfp.o)
                0x080058b0                __sf_fake_stdin
 .rodata.__sf_fake_stdout
                0x080058d0       0x20 c:/program files (x86)/atollic/truestudio for stm32 9.3.0/armtools/bin/../lib/gcc/arm-atollic-eabi/6.3.1/../../../../arm-atollic-eabi/lib/armv7e-m/fpu\libc_nano.a(lib_a-findfp.o)
                0x080058d0                __sf_fake_stdout
 .rodata._vfprintf_r.str1.1
                0x080058f0       0x11 c:/program files (x86)/atollic/truestudio for stm32 9.3.0/armtools/bin/../lib/gcc/arm-atollic-eabi/6.3.1/../../../../arm-atollic-eabi/lib/armv7e-m/fpu\libc_nano.a(lib_a-nano-vfprintf.o)
 .rodata._printf_i.str1.1
                0x08005901       0x22 c:/program files (x86)/atollic/truestudio for stm32 9.3.0/armtools/bin/../lib/gcc/arm-atollic-eabi/6.3.1/../../../../arm-atollic-eabi/lib/armv7e-m/fpu\libc_nano.a(lib_a-nano-vfprintf_i.o)
                0x08005924                . = ALIGN (0x4)
 *fill*         0x08005923        0x1 

.ARM.extab
 *(.ARM.extab* .gnu.linkonce.armextab.*)

.ARM            0x08005924        0x8
                0x08005924                __exidx_start = .
 *(.ARM.exidx*)
 .ARM.exidx     0x08005924        0x8 c:/program files (x86)/atollic/truestudio for stm32 9.3.0/armtools/bin/../lib/gcc/arm-atollic-eabi/6.3.1/armv7e-m/fpu\libgcc.a(_udivmoddi4.o)
                0x0800592c                __exidx_end = .

.rel.dyn        0x0800592c        0x0
 .rel.iplt      0x0800592c        0x0 c:/program files (x86)/atollic/truestudio for stm32 9.3.0/armtools/bin/../lib/gcc/arm-atollic-eabi/6.3.1/armv7e-m/fpu/crtbegin.o

.preinit_array  0x0800592c        0x0
                0x0800592c                PROVIDE (__preinit_array_start, .)
 *(.preinit_array*)
                0x0800592c                PROVIDE (__preinit_array_end, .)

.init_array     0x0800592c        0x4
                0x0800592c                PROVIDE (__init_array_start, .)
 *(SORT(.init_array.*))
 *(.init_array*)
 .init_array    0x0800592c        0x4 c:/program files (x86)/atollic/truestudio for stm32 9.3.0/armtools/bin/../lib/gcc/arm-atollic-eabi/6.3.1/armv7e-m/fpu/crtbegin.o
                0x08005930                PROVIDE (__init_array_end, .)

.fini_array     0x08005930        0x4
                [!provide]                PROVIDE (__fini_array_start, .)
 *(SORT(.fini_array.*))
 *(.fini_array*)
 .fini_array    0x08005930        0x4 c:/program files (x86)/atollic/truestudio for stm32 9.3.0/armtools/bin/../lib/gcc/arm-atollic-eabi/6.3.1/armv7e-m/fpu/crtbegin.o
                [!provide]                PROVIDE (__fini_array_end, .)
                0x08005934                _sidata = LOADADDR (.data)

.data           0x20000000       0x70 load address 0x08005934
                0x20000000                . = ALIGN (0x4)
                0x20000000                _sdata = .
 *(.data)
 *(.data*)
 .data.uwTickFreq
                0x20000000        0x1 Drivers\STM32F4xx_HAL_Driver\Src\stm32f4xx_hal.o
                0x20000000                uwTickFreq
 *fill*         0x20000001        0x3 
 .data.uxCriticalNesting
                0x20000004        0x4 Middlewares\Third_Party\FreeRTOS\Source\portable\GCC\ARM_CM4F\port.o
 .data.SystemCoreClock
                0x20000008        0x4 Src\system_stm32f4xx.o
                0x20000008                SystemCoreClock
 .data._impure_ptr
                0x2000000c        0x4 c:/program files (x86)/atollic/truestudio for stm32 9.3.0/armtools/bin/../lib/gcc/arm-atollic-eabi/6.3.1/../../../../arm-atollic-eabi/lib/armv7e-m/fpu\libc_nano.a(lib_a-impure.o)
                0x2000000c                _impure_ptr
 .data.impure_data
                0x20000010       0x60 c:/program files (x86)/atollic/truestudio for stm32 9.3.0/armtools/bin/../lib/gcc/arm-atollic-eabi/6.3.1/../../../../arm-atollic-eabi/lib/armv7e-m/fpu\libc_nano.a(lib_a-impure.o)
                0x20000070                . = ALIGN (0x4)
                0x20000070                _edata = .
                0x080059a4                _siccmram = LOADADDR (.ccmram)

.igot.plt       0x20000070        0x0 load address 0x080059a4
 .igot.plt      0x20000070        0x0 c:/program files (x86)/atollic/truestudio for stm32 9.3.0/armtools/bin/../lib/gcc/arm-atollic-eabi/6.3.1/armv7e-m/fpu/crtbegin.o

.ccmram         0x10000000        0x0 load address 0x080059a4
                0x10000000                . = ALIGN (0x4)
                0x10000000                _sccmram = .
 *(.ccmram)
 *(.ccmram*)
                0x10000000                . = ALIGN (0x4)
                0x10000000                _eccmram = .
                0x10000000                . = ALIGN (0x4)

.bss            0x20000070     0x5d34
                0x20000070                _sbss = .
                0x20000070                __bss_start__ = _sbss
 *(.bss)
 .bss           0x20000070       0x1c c:/program files (x86)/atollic/truestudio for stm32 9.3.0/armtools/bin/../lib/gcc/arm-atollic-eabi/6.3.1/armv7e-m/fpu/crtbegin.o
 *(.bss*)
 .bss.Idle_Stack
                0x2000008c      0x800 Middlewares\Third_Party\FreeRTOS\Source\CMSIS_RTOS_V2\cmsis_os2.o
 .bss.Idle_TCB  0x2000088c       0x54 Middlewares\Third_Party\FreeRTOS\Source\CMSIS_RTOS_V2\cmsis_os2.o
 .bss.KernelState
                0x200008e0        0x4 Middlewares\Third_Party\FreeRTOS\Source\CMSIS_RTOS_V2\cmsis_os2.o
 .bss.Timer_Stack
                0x200008e4     0x1000 Middlewares\Third_Party\FreeRTOS\Source\CMSIS_RTOS_V2\cmsis_os2.o
 .bss.Timer_TCB
                0x200018e4       0x54 Middlewares\Third_Party\FreeRTOS\Source\CMSIS_RTOS_V2\cmsis_os2.o
 .bss.ucMaxSysCallPriority
                0x20001938        0x1 Middlewares\Third_Party\FreeRTOS\Source\portable\GCC\ARM_CM4F\port.o
 *fill*         0x20001939        0x3 
 .bss.ulMaxPRIGROUPValue
                0x2000193c        0x4 Middlewares\Third_Party\FreeRTOS\Source\portable\GCC\ARM_CM4F\port.o
 .bss.pxEnd     0x20001940        0x4 Middlewares\Third_Party\FreeRTOS\Source\portable\MemMang\heap_4.o
 .bss.ucHeap    0x20001944     0x3c00 Middlewares\Third_Party\FreeRTOS\Source\portable\MemMang\heap_4.o
 .bss.xBlockAllocatedBit
                0x20005544        0x4 Middlewares\Third_Party\FreeRTOS\Source\portable\MemMang\heap_4.o
 .bss.xFreeBytesRemaining
                0x20005548        0x4 Middlewares\Third_Party\FreeRTOS\Source\portable\MemMang\heap_4.o
 .bss.xMinimumEverFreeBytesRemaining
                0x2000554c        0x4 Middlewares\Third_Party\FreeRTOS\Source\portable\MemMang\heap_4.o
 .bss.xStart    0x20005550        0x8 Middlewares\Third_Party\FreeRTOS\Source\portable\MemMang\heap_4.o
 .bss.pxCurrentTCB
                0x20005558        0x4 Middlewares\Third_Party\FreeRTOS\Source\tasks.o
                0x20005558                pxCurrentTCB
 .bss.pxDelayedTaskList
                0x2000555c        0x4 Middlewares\Third_Party\FreeRTOS\Source\tasks.o
 .bss.pxOverflowDelayedTaskList
                0x20005560        0x4 Middlewares\Third_Party\FreeRTOS\Source\tasks.o
 .bss.pxReadyTasksLists
                0x20005564      0x460 Middlewares\Third_Party\FreeRTOS\Source\tasks.o
 .bss.uxCurrentNumberOfTasks
                0x200059c4        0x4 Middlewares\Third_Party\FreeRTOS\Source\tasks.o
 .bss.uxDeletedTasksWaitingCleanUp
                0x200059c8        0x4 Middlewares\Third_Party\FreeRTOS\Source\tasks.o
 .bss.uxPendedTicks
                0x200059cc        0x4 Middlewares\Third_Party\FreeRTOS\Source\tasks.o
 .bss.uxSchedulerSuspended
                0x200059d0        0x4 Middlewares\Third_Party\FreeRTOS\Source\tasks.o
 .bss.uxTaskNumber
                0x200059d4        0x4 Middlewares\Third_Party\FreeRTOS\Source\tasks.o
 .bss.uxTopReadyPriority
                0x200059d8        0x4 Middlewares\Third_Party\FreeRTOS\Source\tasks.o
 .bss.xDelayedTaskList1
                0x200059dc       0x14 Middlewares\Third_Party\FreeRTOS\Source\tasks.o
 .bss.xDelayedTaskList2
                0x200059f0       0x14 Middlewares\Third_Party\FreeRTOS\Source\tasks.o
 .bss.xNextTaskUnblockTime
                0x20005a04        0x4 Middlewares\Third_Party\FreeRTOS\Source\tasks.o
 .bss.xNumOfOverflows
                0x20005a08        0x4 Middlewares\Third_Party\FreeRTOS\Source\tasks.o
 .bss.xPendingReadyList
                0x20005a0c       0x14 Middlewares\Third_Party\FreeRTOS\Source\tasks.o
 .bss.xSchedulerRunning
                0x20005a20        0x4 Middlewares\Third_Party\FreeRTOS\Source\tasks.o
 .bss.xSuspendedTaskList
                0x20005a24       0x14 Middlewares\Third_Party\FreeRTOS\Source\tasks.o
 .bss.xTasksWaitingTermination
                0x20005a38       0x14 Middlewares\Third_Party\FreeRTOS\Source\tasks.o
 .bss.xTickCount
                0x20005a4c        0x4 Middlewares\Third_Party\FreeRTOS\Source\tasks.o
 .bss.xYieldPending
                0x20005a50        0x4 Middlewares\Third_Party\FreeRTOS\Source\tasks.o
 .bss.pxCurrentTimerList
                0x20005a54        0x4 Middlewares\Third_Party\FreeRTOS\Source\timers.o
 .bss.pxOverflowTimerList
                0x20005a58        0x4 Middlewares\Third_Party\FreeRTOS\Source\timers.o
 .bss.ucStaticTimerQueueStorage.6621
                0x20005a5c       0x78 Middlewares\Third_Party\FreeRTOS\Source\timers.o
 .bss.xActiveTimerList1
                0x20005ad4       0x14 Middlewares\Third_Party\FreeRTOS\Source\timers.o
 .bss.xActiveTimerList2
                0x20005ae8       0x14 Middlewares\Third_Party\FreeRTOS\Source\timers.o
 .bss.xLastTime.6572
                0x20005afc        0x4 Middlewares\Third_Party\FreeRTOS\Source\timers.o
 .bss.xStaticTimerQueue.6620
                0x20005b00       0x48 Middlewares\Third_Party\FreeRTOS\Source\timers.o
 .bss.xTimerQueue
                0x20005b48        0x4 Middlewares\Third_Party\FreeRTOS\Source\timers.o
 .bss.xTimerTaskHandle
                0x20005b4c        0x4 Middlewares\Third_Party\FreeRTOS\Source\timers.o
 .bss.heap_end.10064
                0x20005b50        0x4 Src\syscalls.o
 .bss.__malloc_free_list
                0x20005b54        0x4 c:/program files (x86)/atollic/truestudio for stm32 9.3.0/armtools/bin/../lib/gcc/arm-atollic-eabi/6.3.1/../../../../arm-atollic-eabi/lib/armv7e-m/fpu\libc_nano.a(lib_a-nano-mallocr.o)
                0x20005b54                __malloc_free_list
 .bss.__malloc_sbrk_start
                0x20005b58        0x4 c:/program files (x86)/atollic/truestudio for stm32 9.3.0/armtools/bin/../lib/gcc/arm-atollic-eabi/6.3.1/../../../../arm-atollic-eabi/lib/armv7e-m/fpu\libc_nano.a(lib_a-nano-mallocr.o)
                0x20005b58                __malloc_sbrk_start
 *(COMMON)
 COMMON         0x20005b5c        0x4 Drivers\STM32F4xx_HAL_Driver\Src\stm32f4xx_hal.o
                0x20005b5c                uwTick
 COMMON         0x20005b60       0x40 Middlewares\Third_Party\FreeRTOS\Source\queue.o
                0x20005b60                xQueueRegistry
 COMMON         0x20005ba0      0x164 Src\ST7032i.o
                0x20005ba0                txBuf
                0x20005c68                tx
                0x20005d00                pI2C_LCD
 COMMON         0x20005d04       0x5c Src\main.o
                0x20005d04                defaultTaskHandle
                0x20005d08                hi2c1
                0x20005d5c                myTask02Handle
 COMMON         0x20005d60       0x40 Src\stm32f4xx_hal_timebase_tim.o
                0x20005d60                htim7
 COMMON         0x20005da0        0x4 c:/program files (x86)/atollic/truestudio for stm32 9.3.0/armtools/bin/../lib/gcc/arm-atollic-eabi/6.3.1/../../../../arm-atollic-eabi/lib/armv7e-m/fpu\libc_nano.a(lib_a-reent.o)
                0x20005da0                errno
                0x20005da4                . = ALIGN (0x4)
                0x20005da4                _ebss = .
                0x20005da4                __bss_end__ = _ebss

._user_heap_stack
                0x20005da4     0x9000
                0x20005da4                . = ALIGN (0x4)
                0x20005da4                PROVIDE (end, .)
                [!provide]                PROVIDE (_end, .)
                0x20008da4                . = (. + _Min_Heap_Size)
 *fill*         0x20005da4     0x3000 
                0x2000eda4                . = (. + _Min_Stack_Size)
 *fill*         0x20008da4     0x6000 
                0x2000eda4                . = ALIGN (0x4)

/DISCARD/
 libc.a(*)
 libm.a(*)
 libgcc.a(*)

.ARM.attributes
                0x00000000       0x30
 *(.ARM.attributes)
 .ARM.attributes
                0x00000000       0x22 c:/program files (x86)/atollic/truestudio for stm32 9.3.0/armtools/bin/../lib/gcc/arm-atollic-eabi/6.3.1/armv7e-m/fpu/crti.o
 .ARM.attributes
                0x00000022       0x34 c:/program files (x86)/atollic/truestudio for stm32 9.3.0/armtools/bin/../lib/gcc/arm-atollic-eabi/6.3.1/armv7e-m/fpu/crtbegin.o
 .ARM.attributes
                0x00000056       0x39 Drivers\STM32F4xx_HAL_Driver\Src\stm32f4xx_hal.o
 .ARM.attributes
                0x0000008f       0x39 Drivers\STM32F4xx_HAL_Driver\Src\stm32f4xx_hal_cortex.o
 .ARM.attributes
                0x000000c8       0x39 Drivers\STM32F4xx_HAL_Driver\Src\stm32f4xx_hal_dma.o
 .ARM.attributes
                0x00000101       0x39 Drivers\STM32F4xx_HAL_Driver\Src\stm32f4xx_hal_gpio.o
 .ARM.attributes
                0x0000013a       0x39 Drivers\STM32F4xx_HAL_Driver\Src\stm32f4xx_hal_i2c.o
 .ARM.attributes
                0x00000173       0x39 Drivers\STM32F4xx_HAL_Driver\Src\stm32f4xx_hal_rcc.o
 .ARM.attributes
                0x000001ac       0x39 Drivers\STM32F4xx_HAL_Driver\Src\stm32f4xx_hal_tim.o
 .ARM.attributes
                0x000001e5       0x39 Drivers\STM32F4xx_HAL_Driver\Src\stm32f4xx_hal_tim_ex.o
 .ARM.attributes
                0x0000021e       0x39 Middlewares\Third_Party\FreeRTOS\Source\CMSIS_RTOS_V2\cmsis_os2.o
 .ARM.attributes
                0x00000257       0x39 Middlewares\Third_Party\FreeRTOS\Source\list.o
 .ARM.attributes
                0x00000290       0x39 Middlewares\Third_Party\FreeRTOS\Source\portable\GCC\ARM_CM4F\port.o
 .ARM.attributes
                0x000002c9       0x39 Middlewares\Third_Party\FreeRTOS\Source\portable\MemMang\heap_4.o
 .ARM.attributes
                0x00000302       0x39 Middlewares\Third_Party\FreeRTOS\Source\queue.o
 .ARM.attributes
                0x0000033b       0x39 Middlewares\Third_Party\FreeRTOS\Source\tasks.o
 .ARM.attributes
                0x00000374       0x39 Middlewares\Third_Party\FreeRTOS\Source\timers.o
 .ARM.attributes
                0x000003ad       0x39 Src\ST7032i.o
 .ARM.attributes
                0x000003e6       0x39 Src\main.o
 .ARM.attributes
                0x0000041f       0x39 Src\stm32f4xx_hal_msp.o
 .ARM.attributes
                0x00000458       0x39 Src\stm32f4xx_hal_timebase_tim.o
 .ARM.attributes
                0x00000491       0x39 Src\stm32f4xx_it.o
 .ARM.attributes
                0x000004ca       0x39 Src\syscalls.o
 .ARM.attributes
                0x00000503       0x39 Src\system_stm32f4xx.o
 .ARM.attributes
                0x0000053c       0x21 startup\startup_stm32f407xx.o
 .ARM.attributes
                0x0000055d       0x34 c:/program files (x86)/atollic/truestudio for stm32 9.3.0/armtools/bin/../lib/gcc/arm-atollic-eabi/6.3.1/../../../../arm-atollic-eabi/lib/armv7e-m/fpu\libc_nano.a(lib_a-errno.o)
 .ARM.attributes
                0x00000591       0x34 c:/program files (x86)/atollic/truestudio for stm32 9.3.0/armtools/bin/../lib/gcc/arm-atollic-eabi/6.3.1/../../../../arm-atollic-eabi/lib/armv7e-m/fpu\libc_nano.a(lib_a-impure.o)
 .ARM.attributes
                0x000005c5       0x34 c:/program files (x86)/atollic/truestudio for stm32 9.3.0/armtools/bin/../lib/gcc/arm-atollic-eabi/6.3.1/../../../../arm-atollic-eabi/lib/armv7e-m/fpu\libc_nano.a(lib_a-init.o)
 .ARM.attributes
                0x000005f9       0x34 c:/program files (x86)/atollic/truestudio for stm32 9.3.0/armtools/bin/../lib/gcc/arm-atollic-eabi/6.3.1/../../../../arm-atollic-eabi/lib/armv7e-m/fpu\libc_nano.a(lib_a-memcpy-stub.o)
 .ARM.attributes
                0x0000062d       0x34 c:/program files (x86)/atollic/truestudio for stm32 9.3.0/armtools/bin/../lib/gcc/arm-atollic-eabi/6.3.1/../../../../arm-atollic-eabi/lib/armv7e-m/fpu\libc_nano.a(lib_a-memset.o)
 .ARM.attributes
                0x00000661       0x34 c:/program files (x86)/atollic/truestudio for stm32 9.3.0/armtools/bin/../lib/gcc/arm-atollic-eabi/6.3.1/../../../../arm-atollic-eabi/lib/armv7e-m/fpu\libc_nano.a(lib_a-printf.o)
 .ARM.attributes
                0x00000695       0x34 c:/program files (x86)/atollic/truestudio for stm32 9.3.0/armtools/bin/../lib/gcc/arm-atollic-eabi/6.3.1/../../../../arm-atollic-eabi/lib/armv7e-m/fpu\libc_nano.a(lib_a-putchar.o)
 .ARM.attributes
                0x000006c9       0x34 c:/program files (x86)/atollic/truestudio for stm32 9.3.0/armtools/bin/../lib/gcc/arm-atollic-eabi/6.3.1/../../../../arm-atollic-eabi/lib/armv7e-m/fpu\libc_nano.a(lib_a-puts.o)
 .ARM.attributes
                0x000006fd       0x1b c:/program files (x86)/atollic/truestudio for stm32 9.3.0/armtools/bin/../lib/gcc/arm-atollic-eabi/6.3.1/../../../../arm-atollic-eabi/lib/armv7e-m/fpu\libc_nano.a(lib_a-strlen.o)
 .ARM.attributes
                0x00000718       0x34 c:/program files (x86)/atollic/truestudio for stm32 9.3.0/armtools/bin/../lib/gcc/arm-atollic-eabi/6.3.1/../../../../arm-atollic-eabi/lib/armv7e-m/fpu\libc_nano.a(lib_a-wbuf.o)
 .ARM.attributes
                0x0000074c       0x34 c:/program files (x86)/atollic/truestudio for stm32 9.3.0/armtools/bin/../lib/gcc/arm-atollic-eabi/6.3.1/../../../../arm-atollic-eabi/lib/armv7e-m/fpu\libc_nano.a(lib_a-wsetup.o)
 .ARM.attributes
                0x00000780       0x34 c:/program files (x86)/atollic/truestudio for stm32 9.3.0/armtools/bin/../lib/gcc/arm-atollic-eabi/6.3.1/../../../../arm-atollic-eabi/lib/armv7e-m/fpu\libc_nano.a(lib_a-fflush.o)
 .ARM.attributes
                0x000007b4       0x34 c:/program files (x86)/atollic/truestudio for stm32 9.3.0/armtools/bin/../lib/gcc/arm-atollic-eabi/6.3.1/../../../../arm-atollic-eabi/lib/armv7e-m/fpu\libc_nano.a(lib_a-findfp.o)
 .ARM.attributes
                0x000007e8       0x34 c:/program files (x86)/atollic/truestudio for stm32 9.3.0/armtools/bin/../lib/gcc/arm-atollic-eabi/6.3.1/../../../../arm-atollic-eabi/lib/armv7e-m/fpu\libc_nano.a(lib_a-fwalk.o)
 .ARM.attributes
                0x0000081c       0x34 c:/program files (x86)/atollic/truestudio for stm32 9.3.0/armtools/bin/../lib/gcc/arm-atollic-eabi/6.3.1/../../../../arm-atollic-eabi/lib/armv7e-m/fpu\libc_nano.a(lib_a-makebuf.o)
 .ARM.attributes
                0x00000850       0x34 c:/program files (x86)/atollic/truestudio for stm32 9.3.0/armtools/bin/../lib/gcc/arm-atollic-eabi/6.3.1/../../../../arm-atollic-eabi/lib/armv7e-m/fpu\libc_nano.a(lib_a-nano-freer.o)
 .ARM.attributes
                0x00000884       0x34 c:/program files (x86)/atollic/truestudio for stm32 9.3.0/armtools/bin/../lib/gcc/arm-atollic-eabi/6.3.1/../../../../arm-atollic-eabi/lib/armv7e-m/fpu\libc_nano.a(lib_a-nano-mallocr.o)
 .ARM.attributes
                0x000008b8       0x34 c:/program files (x86)/atollic/truestudio for stm32 9.3.0/armtools/bin/../lib/gcc/arm-atollic-eabi/6.3.1/../../../../arm-atollic-eabi/lib/armv7e-m/fpu\libc_nano.a(lib_a-nano-vfprintf.o)
 .ARM.attributes
                0x000008ec       0x34 c:/program files (x86)/atollic/truestudio for stm32 9.3.0/armtools/bin/../lib/gcc/arm-atollic-eabi/6.3.1/../../../../arm-atollic-eabi/lib/armv7e-m/fpu\libc_nano.a(lib_a-nano-vfprintf_i.o)
 .ARM.attributes
                0x00000920       0x34 c:/program files (x86)/atollic/truestudio for stm32 9.3.0/armtools/bin/../lib/gcc/arm-atollic-eabi/6.3.1/../../../../arm-atollic-eabi/lib/armv7e-m/fpu\libc_nano.a(lib_a-putc.o)
 .ARM.attributes
                0x00000954       0x34 c:/program files (x86)/atollic/truestudio for stm32 9.3.0/armtools/bin/../lib/gcc/arm-atollic-eabi/6.3.1/../../../../arm-atollic-eabi/lib/armv7e-m/fpu\libc_nano.a(lib_a-sbrkr.o)
 .ARM.attributes
                0x00000988       0x34 c:/program files (x86)/atollic/truestudio for stm32 9.3.0/armtools/bin/../lib/gcc/arm-atollic-eabi/6.3.1/../../../../arm-atollic-eabi/lib/armv7e-m/fpu\libc_nano.a(lib_a-stdio.o)
 .ARM.attributes
                0x000009bc       0x34 c:/program files (x86)/atollic/truestudio for stm32 9.3.0/armtools/bin/../lib/gcc/arm-atollic-eabi/6.3.1/../../../../arm-atollic-eabi/lib/armv7e-m/fpu\libc_nano.a(lib_a-writer.o)
 .ARM.attributes
                0x000009f0       0x34 c:/program files (x86)/atollic/truestudio for stm32 9.3.0/armtools/bin/../lib/gcc/arm-atollic-eabi/6.3.1/../../../../arm-atollic-eabi/lib/armv7e-m/fpu\libc_nano.a(lib_a-closer.o)
 .ARM.attributes
                0x00000a24       0x34 c:/program files (x86)/atollic/truestudio for stm32 9.3.0/armtools/bin/../lib/gcc/arm-atollic-eabi/6.3.1/../../../../arm-atollic-eabi/lib/armv7e-m/fpu\libc_nano.a(lib_a-fstatr.o)
 .ARM.attributes
                0x00000a58       0x34 c:/program files (x86)/atollic/truestudio for stm32 9.3.0/armtools/bin/../lib/gcc/arm-atollic-eabi/6.3.1/../../../../arm-atollic-eabi/lib/armv7e-m/fpu\libc_nano.a(lib_a-isattyr.o)
 .ARM.attributes
                0x00000a8c       0x34 c:/program files (x86)/atollic/truestudio for stm32 9.3.0/armtools/bin/../lib/gcc/arm-atollic-eabi/6.3.1/../../../../arm-atollic-eabi/lib/armv7e-m/fpu\libc_nano.a(lib_a-lseekr.o)
 .ARM.attributes
                0x00000ac0       0x20 c:/program files (x86)/atollic/truestudio for stm32 9.3.0/armtools/bin/../lib/gcc/arm-atollic-eabi/6.3.1/../../../../arm-atollic-eabi/lib/armv7e-m/fpu\libc_nano.a(lib_a-memchr.o)
 .ARM.attributes
                0x00000ae0       0x34 c:/program files (x86)/atollic/truestudio for stm32 9.3.0/armtools/bin/../lib/gcc/arm-atollic-eabi/6.3.1/../../../../arm-atollic-eabi/lib/armv7e-m/fpu\libc_nano.a(lib_a-mlock.o)
 .ARM.attributes
                0x00000b14       0x34 c:/program files (x86)/atollic/truestudio for stm32 9.3.0/armtools/bin/../lib/gcc/arm-atollic-eabi/6.3.1/../../../../arm-atollic-eabi/lib/armv7e-m/fpu\libc_nano.a(lib_a-readr.o)
 .ARM.attributes
                0x00000b48       0x34 c:/program files (x86)/atollic/truestudio for stm32 9.3.0/armtools/bin/../lib/gcc/arm-atollic-eabi/6.3.1/../../../../arm-atollic-eabi/lib/armv7e-m/fpu\libc_nano.a(lib_a-reent.o)
 .ARM.attributes
                0x00000b7c       0x22 c:/program files (x86)/atollic/truestudio for stm32 9.3.0/armtools/bin/../lib/gcc/arm-atollic-eabi/6.3.1/armv7e-m/fpu\libgcc.a(_aeabi_uldivmod.o)
 .ARM.attributes
                0x00000b9e       0x34 c:/program files (x86)/atollic/truestudio for stm32 9.3.0/armtools/bin/../lib/gcc/arm-atollic-eabi/6.3.1/armv7e-m/fpu\libgcc.a(_udivmoddi4.o)
 .ARM.attributes
                0x00000bd2       0x22 c:/program files (x86)/atollic/truestudio for stm32 9.3.0/armtools/bin/../lib/gcc/arm-atollic-eabi/6.3.1/armv7e-m/fpu\libgcc.a(_dvmd_tls.o)
 .ARM.attributes
                0x00000bf4       0x22 c:/program files (x86)/atollic/truestudio for stm32 9.3.0/armtools/bin/../lib/gcc/arm-atollic-eabi/6.3.1/armv7e-m/fpu/crtn.o
OUTPUT(I2C_Display_ST7030i_STM32F407.elf elf32-littlearm)

.debug_info     0x00000000    0x1ff71
 .debug_info    0x00000000      0x9ef Drivers\STM32F4xx_HAL_Driver\Src\stm32f4xx_hal.o
 .debug_info    0x000009ef      0xf39 Drivers\STM32F4xx_HAL_Driver\Src\stm32f4xx_hal_cortex.o
 .debug_info    0x00001928      0xa4c Drivers\STM32F4xx_HAL_Driver\Src\stm32f4xx_hal_dma.o
 .debug_info    0x00002374      0x775 Drivers\STM32F4xx_HAL_Driver\Src\stm32f4xx_hal_gpio.o
 .debug_info    0x00002ae9     0x334f Drivers\STM32F4xx_HAL_Driver\Src\stm32f4xx_hal_i2c.o
 .debug_info    0x00005e38      0xa57 Drivers\STM32F4xx_HAL_Driver\Src\stm32f4xx_hal_rcc.o
 .debug_info    0x0000688f     0x34cf Drivers\STM32F4xx_HAL_Driver\Src\stm32f4xx_hal_tim.o
 .debug_info    0x00009d5e     0x12fe Drivers\STM32F4xx_HAL_Driver\Src\stm32f4xx_hal_tim_ex.o
 .debug_info    0x0000b05c     0x495e Middlewares\Third_Party\FreeRTOS\Source\CMSIS_RTOS_V2\cmsis_os2.o
 .debug_info    0x0000f9ba      0xac5 Middlewares\Third_Party\FreeRTOS\Source\list.o
 .debug_info    0x0001047f      0x572 Middlewares\Third_Party\FreeRTOS\Source\portable\GCC\ARM_CM4F\port.o
 .debug_info    0x000109f1      0xca5 Middlewares\Third_Party\FreeRTOS\Source\portable\MemMang\heap_4.o
 .debug_info    0x00011696     0x2b80 Middlewares\Third_Party\FreeRTOS\Source\queue.o
 .debug_info    0x00014216     0x2e95 Middlewares\Third_Party\FreeRTOS\Source\tasks.o
 .debug_info    0x000170ab     0x1e8a Middlewares\Third_Party\FreeRTOS\Source\timers.o
 .debug_info    0x00018f35     0x1615 Src\ST7032i.o
 .debug_info    0x0001a54a     0x1f50 Src\main.o
 .debug_info    0x0001c49a      0xd36 Src\stm32f4xx_hal_msp.o
 .debug_info    0x0001d1d0      0xba2 Src\stm32f4xx_hal_timebase_tim.o
 .debug_info    0x0001dd72      0x980 Src\stm32f4xx_it.o
 .debug_info    0x0001e6f2     0x12e6 Src\syscalls.o
 .debug_info    0x0001f9d8      0x50a Src\system_stm32f4xx.o
 .debug_info    0x0001fee2       0x8f startup\startup_stm32f407xx.o

.debug_abbrev   0x00000000     0x3e78
 .debug_abbrev  0x00000000      0x23d Drivers\STM32F4xx_HAL_Driver\Src\stm32f4xx_hal.o
 .debug_abbrev  0x0000023d      0x314 Drivers\STM32F4xx_HAL_Driver\Src\stm32f4xx_hal_cortex.o
 .debug_abbrev  0x00000551      0x2e8 Drivers\STM32F4xx_HAL_Driver\Src\stm32f4xx_hal_dma.o
 .debug_abbrev  0x00000839      0x1ef Drivers\STM32F4xx_HAL_Driver\Src\stm32f4xx_hal_gpio.o
 .debug_abbrev  0x00000a28      0x399 Drivers\STM32F4xx_HAL_Driver\Src\stm32f4xx_hal_i2c.o
 .debug_abbrev  0x00000dc1      0x2cb Drivers\STM32F4xx_HAL_Driver\Src\stm32f4xx_hal_rcc.o
 .debug_abbrev  0x0000108c      0x324 Drivers\STM32F4xx_HAL_Driver\Src\stm32f4xx_hal_tim.o
 .debug_abbrev  0x000013b0      0x29c Drivers\STM32F4xx_HAL_Driver\Src\stm32f4xx_hal_tim_ex.o
 .debug_abbrev  0x0000164c      0x47b Middlewares\Third_Party\FreeRTOS\Source\CMSIS_RTOS_V2\cmsis_os2.o
 .debug_abbrev  0x00001ac7      0x1ea Middlewares\Third_Party\FreeRTOS\Source\list.o
 .debug_abbrev  0x00001cb1      0x23a Middlewares\Third_Party\FreeRTOS\Source\portable\GCC\ARM_CM4F\port.o
 .debug_abbrev  0x00001eeb      0x314 Middlewares\Third_Party\FreeRTOS\Source\portable\MemMang\heap_4.o
 .debug_abbrev  0x000021ff      0x404 Middlewares\Third_Party\FreeRTOS\Source\queue.o
 .debug_abbrev  0x00002603      0x41a Middlewares\Third_Party\FreeRTOS\Source\tasks.o
 .debug_abbrev  0x00002a1d      0x3c1 Middlewares\Third_Party\FreeRTOS\Source\timers.o
 .debug_abbrev  0x00002dde      0x328 Src\ST7032i.o
 .debug_abbrev  0x00003106      0x35d Src\main.o
 .debug_abbrev  0x00003463      0x206 Src\stm32f4xx_hal_msp.o
 .debug_abbrev  0x00003669      0x1e7 Src\stm32f4xx_hal_timebase_tim.o
 .debug_abbrev  0x00003850      0x1a4 Src\stm32f4xx_it.o
 .debug_abbrev  0x000039f4      0x364 Src\syscalls.o
 .debug_abbrev  0x00003d58      0x10e Src\system_stm32f4xx.o
 .debug_abbrev  0x00003e66       0x12 startup\startup_stm32f407xx.o

.debug_loc      0x00000000     0xebed
 .debug_loc     0x00000000      0x11b Drivers\STM32F4xx_HAL_Driver\Src\stm32f4xx_hal.o
 .debug_loc     0x0000011b      0x4fb Drivers\STM32F4xx_HAL_Driver\Src\stm32f4xx_hal_cortex.o
 .debug_loc     0x00000616      0x727 Drivers\STM32F4xx_HAL_Driver\Src\stm32f4xx_hal_dma.o
 .debug_loc     0x00000d3d      0x36d Drivers\STM32F4xx_HAL_Driver\Src\stm32f4xx_hal_gpio.o
 .debug_loc     0x000010aa     0x2f30 Drivers\STM32F4xx_HAL_Driver\Src\stm32f4xx_hal_i2c.o
 .debug_loc     0x00003fda      0x336 Drivers\STM32F4xx_HAL_Driver\Src\stm32f4xx_hal_rcc.o
 .debug_loc     0x00004310     0x3009 Drivers\STM32F4xx_HAL_Driver\Src\stm32f4xx_hal_tim.o
 .debug_loc     0x00007319      0xa7c Drivers\STM32F4xx_HAL_Driver\Src\stm32f4xx_hal_tim_ex.o
 .debug_loc     0x00007d95     0x2b17 Middlewares\Third_Party\FreeRTOS\Source\CMSIS_RTOS_V2\cmsis_os2.o
 .debug_loc     0x0000a8ac       0x94 Middlewares\Third_Party\FreeRTOS\Source\list.o
 .debug_loc     0x0000a940       0xcf Middlewares\Third_Party\FreeRTOS\Source\portable\GCC\ARM_CM4F\port.o
 .debug_loc     0x0000aa0f      0x390 Middlewares\Third_Party\FreeRTOS\Source\portable\MemMang\heap_4.o
 .debug_loc     0x0000ad9f     0x13db Middlewares\Third_Party\FreeRTOS\Source\queue.o
 .debug_loc     0x0000c17a     0x14bc Middlewares\Third_Party\FreeRTOS\Source\tasks.o
 .debug_loc     0x0000d636      0xa4c Middlewares\Third_Party\FreeRTOS\Source\timers.o
 .debug_loc     0x0000e082      0x54c Src\ST7032i.o
 .debug_loc     0x0000e5ce       0x6e Src\main.o
 .debug_loc     0x0000e63c       0x58 Src\stm32f4xx_hal_msp.o
 .debug_loc     0x0000e694       0xa5 Src\stm32f4xx_hal_timebase_tim.o
 .debug_loc     0x0000e739      0x398 Src\syscalls.o
 .debug_loc     0x0000ead1      0x11c Src\system_stm32f4xx.o

.debug_aranges  0x00000000     0x10e8
 .debug_aranges
                0x00000000       0xe8 Drivers\STM32F4xx_HAL_Driver\Src\stm32f4xx_hal.o
 .debug_aranges
                0x000000e8       0xa8 Drivers\STM32F4xx_HAL_Driver\Src\stm32f4xx_hal_cortex.o
 .debug_aranges
                0x00000190       0x80 Drivers\STM32F4xx_HAL_Driver\Src\stm32f4xx_hal_dma.o
 .debug_aranges
                0x00000210       0x58 Drivers\STM32F4xx_HAL_Driver\Src\stm32f4xx_hal_gpio.o
 .debug_aranges
                0x00000268      0x1b0 Drivers\STM32F4xx_HAL_Driver\Src\stm32f4xx_hal_i2c.o
 .debug_aranges
                0x00000418       0x88 Drivers\STM32F4xx_HAL_Driver\Src\stm32f4xx_hal_rcc.o
 .debug_aranges
                0x000004a0      0x278 Drivers\STM32F4xx_HAL_Driver\Src\stm32f4xx_hal_tim.o
 .debug_aranges
                0x00000718       0xf8 Drivers\STM32F4xx_HAL_Driver\Src\stm32f4xx_hal_tim_ex.o
 .debug_aranges
                0x00000810      0x218 Middlewares\Third_Party\FreeRTOS\Source\CMSIS_RTOS_V2\cmsis_os2.o
 .debug_aranges
                0x00000a28       0x40 Middlewares\Third_Party\FreeRTOS\Source\list.o
 .debug_aranges
                0x00000a68       0x80 Middlewares\Third_Party\FreeRTOS\Source\portable\GCC\ARM_CM4F\port.o
 .debug_aranges
                0x00000ae8       0x48 Middlewares\Third_Party\FreeRTOS\Source\portable\MemMang\heap_4.o
 .debug_aranges
                0x00000b30      0x118 Middlewares\Third_Party\FreeRTOS\Source\queue.o
 .debug_aranges
                0x00000c48      0x1a0 Middlewares\Third_Party\FreeRTOS\Source\tasks.o
 .debug_aranges
                0x00000de8       0x90 Middlewares\Third_Party\FreeRTOS\Source\timers.o
 .debug_aranges
                0x00000e78       0x70 Src\ST7032i.o
 .debug_aranges
                0x00000ee8       0x48 Src\main.o
 .debug_aranges
                0x00000f30       0x30 Src\stm32f4xx_hal_msp.o
 .debug_aranges
                0x00000f60       0x30 Src\stm32f4xx_hal_timebase_tim.o
 .debug_aranges
                0x00000f90       0x58 Src\stm32f4xx_it.o
 .debug_aranges
                0x00000fe8       0xb0 Src\syscalls.o
 .debug_aranges
                0x00001098       0x28 Src\system_stm32f4xx.o
 .debug_aranges
                0x000010c0       0x28 startup\startup_stm32f407xx.o

.debug_ranges   0x00000000     0x1850
 .debug_ranges  0x00000000       0xd8 Drivers\STM32F4xx_HAL_Driver\Src\stm32f4xx_hal.o
 .debug_ranges  0x000000d8      0x128 Drivers\STM32F4xx_HAL_Driver\Src\stm32f4xx_hal_cortex.o
 .debug_ranges  0x00000200       0xc8 Drivers\STM32F4xx_HAL_Driver\Src\stm32f4xx_hal_dma.o
 .debug_ranges  0x000002c8       0x68 Drivers\STM32F4xx_HAL_Driver\Src\stm32f4xx_hal_gpio.o
 .debug_ranges  0x00000330      0x3d0 Drivers\STM32F4xx_HAL_Driver\Src\stm32f4xx_hal_i2c.o
 .debug_ranges  0x00000700       0xb0 Drivers\STM32F4xx_HAL_Driver\Src\stm32f4xx_hal_rcc.o
 .debug_ranges  0x000007b0      0x340 Drivers\STM32F4xx_HAL_Driver\Src\stm32f4xx_hal_tim.o
 .debug_ranges  0x00000af0       0xe8 Drivers\STM32F4xx_HAL_Driver\Src\stm32f4xx_hal_tim_ex.o
 .debug_ranges  0x00000bd8      0x208 Middlewares\Third_Party\FreeRTOS\Source\CMSIS_RTOS_V2\cmsis_os2.o
 .debug_ranges  0x00000de0       0x30 Middlewares\Third_Party\FreeRTOS\Source\list.o
 .debug_ranges  0x00000e10       0x70 Middlewares\Third_Party\FreeRTOS\Source\portable\GCC\ARM_CM4F\port.o
 .debug_ranges  0x00000e80       0x38 Middlewares\Third_Party\FreeRTOS\Source\portable\MemMang\heap_4.o
 .debug_ranges  0x00000eb8      0x248 Middlewares\Third_Party\FreeRTOS\Source\queue.o
 .debug_ranges  0x00001100      0x238 Middlewares\Third_Party\FreeRTOS\Source\tasks.o
 .debug_ranges  0x00001338      0x150 Middlewares\Third_Party\FreeRTOS\Source\timers.o
 .debug_ranges  0x00001488      0x138 Src\ST7032i.o
 .debug_ranges  0x000015c0       0x88 Src\main.o
 .debug_ranges  0x00001648       0x80 Src\stm32f4xx_hal_msp.o
 .debug_ranges  0x000016c8       0x40 Src\stm32f4xx_hal_timebase_tim.o
 .debug_ranges  0x00001708       0x48 Src\stm32f4xx_it.o
 .debug_ranges  0x00001750       0xc8 Src\syscalls.o
 .debug_ranges  0x00001818       0x18 Src\system_stm32f4xx.o
 .debug_ranges  0x00001830       0x20 startup\startup_stm32f407xx.o

.debug_line     0x00000000     0x9eb4
 .debug_line    0x00000000      0x41b Drivers\STM32F4xx_HAL_Driver\Src\stm32f4xx_hal.o
 .debug_line    0x0000041b      0x456 Drivers\STM32F4xx_HAL_Driver\Src\stm32f4xx_hal_cortex.o
 .debug_line    0x00000871      0x56f Drivers\STM32F4xx_HAL_Driver\Src\stm32f4xx_hal_dma.o
 .debug_line    0x00000de0      0x3e4 Drivers\STM32F4xx_HAL_Driver\Src\stm32f4xx_hal_gpio.o
 .debug_line    0x000011c4     0x1bf1 Drivers\STM32F4xx_HAL_Driver\Src\stm32f4xx_hal_i2c.o
 .debug_line    0x00002db5      0x4f4 Drivers\STM32F4xx_HAL_Driver\Src\stm32f4xx_hal_rcc.o
 .debug_line    0x000032a9     0x1183 Drivers\STM32F4xx_HAL_Driver\Src\stm32f4xx_hal_tim.o
 .debug_line    0x0000442c      0x67d Drivers\STM32F4xx_HAL_Driver\Src\stm32f4xx_hal_tim_ex.o
 .debug_line    0x00004aa9     0x1434 Middlewares\Third_Party\FreeRTOS\Source\CMSIS_RTOS_V2\cmsis_os2.o
 .debug_line    0x00005edd      0x367 Middlewares\Third_Party\FreeRTOS\Source\list.o
 .debug_line    0x00006244      0x36b Middlewares\Third_Party\FreeRTOS\Source\portable\GCC\ARM_CM4F\port.o
 .debug_line    0x000065af      0x415 Middlewares\Third_Party\FreeRTOS\Source\portable\MemMang\heap_4.o
 .debug_line    0x000069c4      0xa72 Middlewares\Third_Party\FreeRTOS\Source\queue.o
 .debug_line    0x00007436      0xcb4 Middlewares\Third_Party\FreeRTOS\Source\tasks.o
 .debug_line    0x000080ea      0x5fa Middlewares\Third_Party\FreeRTOS\Source\timers.o
 .debug_line    0x000086e4      0x4c7 Src\ST7032i.o
 .debug_line    0x00008bab      0x480 Src\main.o
 .debug_line    0x0000902b      0x2a5 Src\stm32f4xx_hal_msp.o
 .debug_line    0x000092d0      0x290 Src\stm32f4xx_hal_timebase_tim.o
 .debug_line    0x00009560      0x299 Src\stm32f4xx_it.o
 .debug_line    0x000097f9      0x45e Src\syscalls.o
 .debug_line    0x00009c57      0x1de Src\system_stm32f4xx.o
 .debug_line    0x00009e35       0x7f startup\startup_stm32f407xx.o

.debug_str      0x00000000     0x6fc7
 .debug_str     0x00000000      0xb5e Drivers\STM32F4xx_HAL_Driver\Src\stm32f4xx_hal.o
                                0xbcc (size before relaxing)
 .debug_str     0x00000b5e      0x4a1 Drivers\STM32F4xx_HAL_Driver\Src\stm32f4xx_hal_cortex.o
                                0xc97 (size before relaxing)
 .debug_str     0x00000fff      0x51d Drivers\STM32F4xx_HAL_Driver\Src\stm32f4xx_hal_dma.o
                                0x7e3 (size before relaxing)
 .debug_str     0x0000151c      0x1d8 Drivers\STM32F4xx_HAL_Driver\Src\stm32f4xx_hal_gpio.o
                                0x55d (size before relaxing)
 .debug_str     0x000016f4      0xaff Drivers\STM32F4xx_HAL_Driver\Src\stm32f4xx_hal_i2c.o
                               0x106a (size before relaxing)
 .debug_str     0x000021f3      0x2c9 Drivers\STM32F4xx_HAL_Driver\Src\stm32f4xx_hal_rcc.o
                                0x730 (size before relaxing)
 .debug_str     0x000024bc      0xfe9 Drivers\STM32F4xx_HAL_Driver\Src\stm32f4xx_hal_tim.o
                               0x153a (size before relaxing)
 .debug_str     0x000034a5      0x548 Drivers\STM32F4xx_HAL_Driver\Src\stm32f4xx_hal_tim_ex.o
                                0xd52 (size before relaxing)
 .debug_str     0x000039ed     0x1a0a Middlewares\Third_Party\FreeRTOS\Source\CMSIS_RTOS_V2\cmsis_os2.o
                               0x1cf8 (size before relaxing)
 .debug_str     0x000053f7      0x143 Middlewares\Third_Party\FreeRTOS\Source\list.o
                                0x76a (size before relaxing)
 .debug_str     0x0000553a      0x250 Middlewares\Third_Party\FreeRTOS\Source\portable\GCC\ARM_CM4F\port.o
                                0x4b0 (size before relaxing)
 .debug_str     0x0000578a      0x1e1 Middlewares\Third_Party\FreeRTOS\Source\portable\MemMang\heap_4.o
                                0x853 (size before relaxing)
 .debug_str     0x0000596b      0x55e Middlewares\Third_Party\FreeRTOS\Source\queue.o
                               0x1033 (size before relaxing)
 .debug_str     0x00005ec9      0x73b Middlewares\Third_Party\FreeRTOS\Source\tasks.o
                               0x145c (size before relaxing)
 .debug_str     0x00006604      0x3eb Middlewares\Third_Party\FreeRTOS\Source\timers.o
                                0xf43 (size before relaxing)
 .debug_str     0x000069ef      0x109 Src\ST7032i.o
                                0xd29 (size before relaxing)
 .debug_str     0x00006af8       0xd3 Src\main.o
                               0x1621 (size before relaxing)
 .debug_str     0x00006bcb       0x1b Src\stm32f4xx_hal_msp.o
                                0xe36 (size before relaxing)
 .debug_str     0x00006be6       0x50 Src\stm32f4xx_hal_timebase_tim.o
                                0xdc8 (size before relaxing)
 .debug_str     0x00006c36       0xb1 Src\stm32f4xx_it.o
                                0x9e2 (size before relaxing)
 .debug_str     0x00006ce7      0x29b Src\syscalls.o
                                0x996 (size before relaxing)
 .debug_str     0x00006f82       0x45 Src\system_stm32f4xx.o
                                0x3c1 (size before relaxing)

.comment        0x00000000       0x7c
 .comment       0x00000000       0x7c Drivers\STM32F4xx_HAL_Driver\Src\stm32f4xx_hal.o
                                 0x7d (size before relaxing)
 .comment       0x0000007c       0x7d Drivers\STM32F4xx_HAL_Driver\Src\stm32f4xx_hal_cortex.o
 .comment       0x0000007c       0x7d Drivers\STM32F4xx_HAL_Driver\Src\stm32f4xx_hal_dma.o
 .comment       0x0000007c       0x7d Drivers\STM32F4xx_HAL_Driver\Src\stm32f4xx_hal_gpio.o
 .comment       0x0000007c       0x7d Drivers\STM32F4xx_HAL_Driver\Src\stm32f4xx_hal_i2c.o
 .comment       0x0000007c       0x7d Drivers\STM32F4xx_HAL_Driver\Src\stm32f4xx_hal_rcc.o
 .comment       0x0000007c       0x7d Drivers\STM32F4xx_HAL_Driver\Src\stm32f4xx_hal_tim.o
 .comment       0x0000007c       0x7d Drivers\STM32F4xx_HAL_Driver\Src\stm32f4xx_hal_tim_ex.o
 .comment       0x0000007c       0x7d Middlewares\Third_Party\FreeRTOS\Source\CMSIS_RTOS_V2\cmsis_os2.o
 .comment       0x0000007c       0x7d Middlewares\Third_Party\FreeRTOS\Source\list.o
 .comment       0x0000007c       0x7d Middlewares\Third_Party\FreeRTOS\Source\portable\GCC\ARM_CM4F\port.o
 .comment       0x0000007c       0x7d Middlewares\Third_Party\FreeRTOS\Source\portable\MemMang\heap_4.o
 .comment       0x0000007c       0x7d Middlewares\Third_Party\FreeRTOS\Source\queue.o
 .comment       0x0000007c       0x7d Middlewares\Third_Party\FreeRTOS\Source\tasks.o
 .comment       0x0000007c       0x7d Middlewares\Third_Party\FreeRTOS\Source\timers.o
 .comment       0x0000007c       0x7d Src\ST7032i.o
 .comment       0x0000007c       0x7d Src\main.o
 .comment       0x0000007c       0x7d Src\stm32f4xx_hal_msp.o
 .comment       0x0000007c       0x7d Src\stm32f4xx_hal_timebase_tim.o
 .comment       0x0000007c       0x7d Src\stm32f4xx_it.o
 .comment       0x0000007c       0x7d Src\syscalls.o
 .comment       0x0000007c       0x7d Src\system_stm32f4xx.o

.debug_frame    0x00000000     0x3b3c
 .debug_frame   0x00000000      0x1f0 Drivers\STM32F4xx_HAL_Driver\Src\stm32f4xx_hal.o
 .debug_frame   0x000001f0      0x158 Drivers\STM32F4xx_HAL_Driver\Src\stm32f4xx_hal_cortex.o
 .debug_frame   0x00000348      0x150 Drivers\STM32F4xx_HAL_Driver\Src\stm32f4xx_hal_dma.o
 .debug_frame   0x00000498       0xd8 Drivers\STM32F4xx_HAL_Driver\Src\stm32f4xx_hal_gpio.o
 .debug_frame   0x00000570      0x704 Drivers\STM32F4xx_HAL_Driver\Src\stm32f4xx_hal_i2c.o
 .debug_frame   0x00000c74      0x13c Drivers\STM32F4xx_HAL_Driver\Src\stm32f4xx_hal_rcc.o
 .debug_frame   0x00000db0      0x928 Drivers\STM32F4xx_HAL_Driver\Src\stm32f4xx_hal_tim.o
 .debug_frame   0x000016d8      0x360 Drivers\STM32F4xx_HAL_Driver\Src\stm32f4xx_hal_tim_ex.o
 .debug_frame   0x00001a38      0x65c Middlewares\Third_Party\FreeRTOS\Source\CMSIS_RTOS_V2\cmsis_os2.o
 .debug_frame   0x00002094       0x6c Middlewares\Third_Party\FreeRTOS\Source\list.o
 .debug_frame   0x00002100       0xfc Middlewares\Third_Party\FreeRTOS\Source\portable\GCC\ARM_CM4F\port.o
 .debug_frame   0x000021fc       0x98 Middlewares\Third_Party\FreeRTOS\Source\portable\MemMang\heap_4.o
 .debug_frame   0x00002294      0x3ac Middlewares\Third_Party\FreeRTOS\Source\queue.o
 .debug_frame   0x00002640      0x56c Middlewares\Third_Party\FreeRTOS\Source\tasks.o
 .debug_frame   0x00002bac      0x1bc Middlewares\Third_Party\FreeRTOS\Source\timers.o
 .debug_frame   0x00002d68      0x16c Src\ST7032i.o
 .debug_frame   0x00002ed4       0x98 Src\main.o
 .debug_frame   0x00002f6c       0x68 Src\stm32f4xx_hal_msp.o
 .debug_frame   0x00002fd4       0x54 Src\stm32f4xx_hal_timebase_tim.o
 .debug_frame   0x00003028       0xa0 Src\stm32f4xx_it.o
 .debug_frame   0x000030c8      0x1a4 Src\syscalls.o
 .debug_frame   0x0000326c       0x38 Src\system_stm32f4xx.o
 .debug_frame   0x000032a4       0x20 c:/program files (x86)/atollic/truestudio for stm32 9.3.0/armtools/bin/../lib/gcc/arm-atollic-eabi/6.3.1/../../../../arm-atollic-eabi/lib/armv7e-m/fpu\libc_nano.a(lib_a-errno.o)
 .debug_frame   0x000032c4       0x2c c:/program files (x86)/atollic/truestudio for stm32 9.3.0/armtools/bin/../lib/gcc/arm-atollic-eabi/6.3.1/../../../../arm-atollic-eabi/lib/armv7e-m/fpu\libc_nano.a(lib_a-init.o)
 .debug_frame   0x000032f0       0x28 c:/program files (x86)/atollic/truestudio for stm32 9.3.0/armtools/bin/../lib/gcc/arm-atollic-eabi/6.3.1/../../../../arm-atollic-eabi/lib/armv7e-m/fpu\libc_nano.a(lib_a-memcpy-stub.o)
 .debug_frame   0x00003318       0x20 c:/program files (x86)/atollic/truestudio for stm32 9.3.0/armtools/bin/../lib/gcc/arm-atollic-eabi/6.3.1/../../../../arm-atollic-eabi/lib/armv7e-m/fpu\libc_nano.a(lib_a-memset.o)
 .debug_frame   0x00003338       0x74 c:/program files (x86)/atollic/truestudio for stm32 9.3.0/armtools/bin/../lib/gcc/arm-atollic-eabi/6.3.1/../../../../arm-atollic-eabi/lib/armv7e-m/fpu\libc_nano.a(lib_a-printf.o)
 .debug_frame   0x000033ac       0x58 c:/program files (x86)/atollic/truestudio for stm32 9.3.0/armtools/bin/../lib/gcc/arm-atollic-eabi/6.3.1/../../../../arm-atollic-eabi/lib/armv7e-m/fpu\libc_nano.a(lib_a-putchar.o)
 .debug_frame   0x00003404       0x3c c:/program files (x86)/atollic/truestudio for stm32 9.3.0/armtools/bin/../lib/gcc/arm-atollic-eabi/6.3.1/../../../../arm-atollic-eabi/lib/armv7e-m/fpu\libc_nano.a(lib_a-puts.o)
 .debug_frame   0x00003440       0x40 c:/program files (x86)/atollic/truestudio for stm32 9.3.0/armtools/bin/../lib/gcc/arm-atollic-eabi/6.3.1/../../../../arm-atollic-eabi/lib/armv7e-m/fpu\libc_nano.a(lib_a-wbuf.o)